ESP-ROM:esp32s3-20210327
Build:Mar 27 2021
rst:0x15 (USB_UART_CHIP_RESET),boot:0x8 (SPI_FAST_FLASH_BOOT)
Saved PC:0x4037837e
SPIWP:0xee
mode:DIO, clock div:1
load:0x3fce2820,len:0x14d0
load:0x403c8700,len:0xd88
load:0x403cb700,len:0x2f54
entry 0x403c8904
I (24) boot: ESP-IDF v6.0.2 2nd stage bootloader
I (24) boot: Multicore bootloader
I (25) boot: chip revision: v0.2
I (25) boot: efuse block revision: v1.3
I (27) boot.esp32s3: Boot SPI Speed : 80MHz
I (31) boot.esp32s3: SPI Mode       : DIO
I (35) boot.esp32s3: SPI Flash Size : 2MB
I (38) boot: Enabling RNG early entropy source...
I (43) boot: Partition Table:
I (45) boot: ## Label            Usage          Type ST Offset   Length
I (52) boot:  0 nvs              WiFi data        01 02 00009000 00006000
I (58) boot:  1 phy_init         RF data          01 01 0000f000 00001000
I (65) boot:  2 factory          factory app      00 00 00010000 00100000
I (71) boot: End of partition table
I (75) esp_image: segment 0: paddr=00010020 vaddr=3c010020 size=06b9ch ( 27548) map
I (87) esp_image: segment 1: paddr=00016bc4 vaddr=3fc8e400 size=02e28h ( 11816) load
I (92) esp_image: segment 2: paddr=000199f4 vaddr=40374000 size=06624h ( 26148) load
I (103) esp_image: segment 3: paddr=00020020 vaddr=42000020 size=0c5b0h ( 50608) map
I (114) esp_image: segment 4: paddr=0002c5d8 vaddr=4037a624 size=03d70h ( 15728) load
I (118) esp_image: segment 5: paddr=00030350 vaddr=50000000 size=00024h (    36) load
I (124) boot: Loaded app from partition at offset 0x10000
I (124) boot: Disabling RNG early entropy source...
I (141) cpu_start: Multicore app
I (149) cpu_start: GPIO 44 and 43 are used as console UART I/O pins
I (150) cpu_start: Pro cpu start user code
I (150) cpu_start: cpu freq: 160000000 Hz
I (151) app_init: Application information:
I (155) app_init: Project name:     blip-v2
I (159) app_init: App version:      0.1.0
I (163) app_init: ELF file SHA256:  7ced36780...
I (167) app_init: ESP-IDF:          v6.0.2
I (171) efuse_init: Min chip rev:     v0.0
I (175) efuse_init: Max chip rev:     v0.99
I (179) efuse_init: Chip rev:         v0.2
I (183) heap_init: Initializing. RAM available for dynamic allocation:
I (189) heap_init: At 3FC91E40 len 000578D0 (350 KiB): RAM
I (194) heap_init: At 3FCE9710 len 00005724 (21 KiB): RAM
I (199) heap_init: At 3FCF0000 len 00008000 (32 KiB): DRAM
I (204) heap_init: At 600FE000 len 00001FE8 (7 KiB): RTCRAM
I (210) spi_flash: detected chip: gd
I (213) spi_flash: flash io: dio
W (216) spi_flash: Detected size(8192k) larger than the size in the binary image header(2048k). Using the size in the binary image header.
I (228) sleep_gpio: Configure to isolate all GPIO pins in sleep state
I (235) sleep_gpio: Enable automatic switching of GPIO sleep configuration
I (242) main_task: Started on CPU0
I (242) main_task: Calling app_main()
I (252) blip_bootstrap: BLIP_V2_BOOTSTRAP_READY schema=1 registry=1 scheduler=ready resources=ready target=esp32s3 idf=v6.0.2
I (262) main_task: Returned from app_main()
