ESP-ROM:esp32c6-20220919
Build:Sep 19 2022
rst:0x15 (USB_UART_HPSYS),boot:0x1e (SPI_FAST_FLASH_BOOT)
Saved PC:0x40802dac
SPIWP:0xee
mode:DIO, clock div:2
load:0x40875730,len:0x16d0
load:0x4086b910,len:0xd48
load:0x4086e610,len:0x3200
entry 0x4086b91a
I (23) boot: ESP-IDF v6.0.2 2nd stage bootloader
I (23) boot: chip revision: v0.2
I (24) boot: efuse block revision: v0.3
I (24) boot.esp32c6: SPI Speed      : 80MHz
I (26) boot.esp32c6: SPI Mode       : DIO
I (30) boot.esp32c6: SPI Flash Size : 2MB
I (34) boot: Enabling RNG early entropy source...
I (38) boot: Partition Table:
I (41) boot: ## Label            Usage          Type ST Offset   Length
I (47) boot:  0 nvs              WiFi data        01 02 00009000 00006000
I (54) boot:  1 phy_init         RF data          01 01 0000f000 00001000
I (60) boot:  2 factory          factory app      00 00 00010000 00100000
I (67) boot: End of partition table
I (70) esp_image: segment 0: paddr=00010020 vaddr=42010020 size=05f10h ( 24336) map
I (82) esp_image: segment 1: paddr=00015f38 vaddr=40800000 size=020e0h (  8416) load
I (87) esp_image: segment 2: paddr=00018020 vaddr=42000020 size=0d1b0h ( 53680) map
I (102) esp_image: segment 3: paddr=000251d8 vaddr=408020e0 size=05338h ( 21304) load
I (108) esp_image: segment 4: paddr=0002a518 vaddr=40807420 size=018dch (  6364) load
I (112) boot: Loaded app from partition at offset 0x10000
I (113) boot: Disabling RNG early entropy source...
I (128) cpu_start: Unicore app
I (137) cpu_start: GPIO 17 and 16 are used as console UART I/O pins
I (137) cpu_start: Pro cpu start user code
I (137) cpu_start: cpu freq: 160000000 Hz
I (139) app_init: Application information:
I (143) app_init: Project name:     blip-v2
I (147) app_init: App version:      0.1.0
I (151) app_init: ELF file SHA256:  764f54ec8...
I (155) app_init: ESP-IDF:          v6.0.2
I (159) efuse_init: Min chip rev:     v0.0
I (162) efuse_init: Max chip rev:     v0.99
I (166) efuse_init: Chip rev:         v0.2
I (170) heap_init: Initializing. RAM available for dynamic allocation:
I (177) heap_init: At 40809F70 len 000726A0 (457 KiB): RAM
I (182) heap_init: At 4087C610 len 00002F54 (11 KiB): RAM
I (187) heap_init: At 50000000 len 00003FE8 (15 KiB): RTCRAM
I (193) spi_flash: detected chip: generic
I (196) spi_flash: flash io: dio
W (199) spi_flash: Detected size(4096k) larger than the size in the binary image header(2048k). Using the size in the binary image header.
I (211) sleep_gpio: Configure to isolate all GPIO pins in sleep state
I (217) sleep_gpio: Enable automatic switching of GPIO sleep configuration
I (224) main_task: Started on CPU0
I (224) main_task: Calling app_main()
I (224) blip_bootstrap: BLIP_V2_BOOTSTRAP_READY schema=1 registry=1 scheduler=ready resources=ready target=esp32c6 idf=v6.0.2
I (234) main_task: Returned from app_main()
