# target=esp32 port=COM5
I (1276) blip_led_qual: BLIP_LED_QUAL_BEGIN target=esp32 idf=v6.0.2 rmt_gpio=23 spi_data_gpio=23 spi_clock_gpio=18 heap=359600
I (1276) blip_led_qual: BLIP_LED_QUAL {"schema_version":1,"target":"esp32","backend":"rmt","load":"idle","lanes":1,"pixels":1,"iterations":8,"supported":true,"encoder_us":0,"wall_us":726,"staging_bytes":0,"detail":"completed"}
I (1296) blip_led_qual: BLIP_LED_QUAL {"schema_version":1,"target":"esp32","backend":"rmt","load":"idle","lanes":1,"pixels":32,"iterations":8,"supported":true,"encoder_us":0,"wall_us":8396,"staging_bytes":0,"detail":"completed"}
I (1376) blip_led_qual: BLIP_LED_QUAL {"schema_version":1,"target":"esp32","backend":"rmt","load":"idle","lanes":1,"pixels":256,"iterations":8,"supported":true,"encoder_us":0,"wall_us":64298,"staging_bytes":0,"detail":"completed"}
I (1516) blip_led_qual: BLIP_LED_QUAL {"schema_version":1,"target":"esp32","backend":"rmt","load":"idle","lanes":1,"pixels":512,"iterations":8,"supported":true,"encoder_us":0,"wall_us":128195,"staging_bytes":0,"detail":"completed"}
I (1776) blip_led_qual: BLIP_LED_QUAL {"schema_version":1,"target":"esp32","backend":"rmt","load":"idle","lanes":1,"pixels":1024,"iterations":8,"supported":true,"encoder_us":0,"wall_us":255991,"staging_bytes":0,"detail":"completed"}
I (1796) blip_led_qual: BLIP_LED_QUAL {"schema_version":1,"target":"esp32","backend":"rmt","load":"idle","lanes":2,"pixels":1,"iterations":8,"supported":true,"encoder_us":0,"wall_us":784,"staging_bytes":0,"detail":"completed"}
I (1826) blip_led_qual: BLIP_LED_QUAL {"schema_version":1,"target":"esp32","backend":"rmt","load":"idle","lanes":2,"pixels":32,"iterations":8,"supported":true,"encoder_us":0,"wall_us":8650,"staging_bytes":0,"detail":"completed"}
I (1896) blip_led_qual: BLIP_LED_QUAL {"schema_version":1,"target":"esp32","backend":"rmt","load":"idle","lanes":2,"pixels":256,"iterations":8,"supported":true,"encoder_us":0,"wall_us":64561,"staging_bytes":0,"detail":"completed"}
I (2036) blip_led_qual: BLIP_LED_QUAL {"schema_version":1,"target":"esp32","backend":"rmt","load":"idle","lanes":2,"pixels":512,"iterations":8,"supported":true,"encoder_us":0,"wall_us":128458,"staging_bytes":0,"detail":"completed"}
I (2296) blip_led_qual: BLIP_LED_QUAL {"schema_version":1,"target":"esp32","backend":"rmt","load":"idle","lanes":2,"pixels":1024,"iterations":8,"supported":true,"encoder_us":0,"wall_us":256253,"staging_bytes":0,"detail":"completed"}
I (2326) blip_led_qual: BLIP_LED_QUAL {"schema_version":1,"target":"esp32","backend":"rmt","load":"idle","lanes":4,"pixels":1,"iterations":8,"supported":true,"encoder_us":0,"wall_us":1411,"staging_bytes":0,"detail":"completed"}
I (2356) blip_led_qual: BLIP_LED_QUAL {"schema_version":1,"target":"esp32","backend":"rmt","load":"idle","lanes":4,"pixels":32,"iterations":8,"supported":true,"encoder_us":0,"wall_us":9874,"staging_bytes":0,"detail":"completed"}
I (2436) blip_led_qual: BLIP_LED_QUAL {"schema_version":1,"target":"esp32","backend":"rmt","load":"idle","lanes":4,"pixels":256,"iterations":8,"supported":true,"encoder_us":0,"wall_us":65790,"staging_bytes":0,"detail":"completed"}
I (2566) blip_led_qual: BLIP_LED_QUAL {"schema_version":1,"target":"esp32","backend":"rmt","load":"idle","lanes":4,"pixels":512,"iterations":8,"supported":true,"encoder_us":0,"wall_us":129682,"staging_bytes":0,"detail":"completed"}
I (2836) blip_led_qual: BLIP_LED_QUAL {"schema_version":1,"target":"esp32","backend":"rmt","load":"idle","lanes":4,"pixels":1024,"iterations":8,"supported":true,"encoder_us":0,"wall_us":257482,"staging_bytes":0,"detail":"completed"}
I (2886) blip_led_qual: BLIP_LED_QUAL {"schema_version":1,"target":"esp32","backend":"rmt","load":"idle","lanes":8,"pixels":1,"iterations":8,"supported":true,"encoder_us":0,"wall_us":2516,"staging_bytes":0,"detail":"completed"}
I (2926) blip_led_qual: BLIP_LED_QUAL {"schema_version":1,"target":"esp32","backend":"rmt","load":"idle","lanes":8,"pixels":32,"iterations":8,"supported":true,"encoder_us":0,"wall_us":19466,"staging_bytes":0,"detail":"completed"}
I (3066) blip_led_qual: BLIP_LED_QUAL {"schema_version":1,"target":"esp32","backend":"rmt","load":"idle","lanes":8,"pixels":256,"iterations":8,"supported":true,"encoder_us":0,"wall_us":131545,"staging_bytes":0,"detail":"completed"}
I (3336) blip_led_qual: BLIP_LED_QUAL {"schema_version":1,"target":"esp32","backend":"rmt","load":"idle","lanes":8,"pixels":512,"iterations":8,"supported":true,"encoder_us":0,"wall_us":259305,"staging_bytes":0,"detail":"completed"}
I (3856) blip_led_qual: BLIP_LED_QUAL {"schema_version":1,"target":"esp32","backend":"rmt","load":"idle","lanes":8,"pixels":1024,"iterations":8,"supported":true,"encoder_us":0,"wall_us":514481,"staging_bytes":0,"detail":"completed"}
I (3916) blip_led_qual: BLIP_LED_QUAL {"schema_version":1,"target":"esp32","backend":"rmt","load":"idle","lanes":16,"pixels":1,"iterations":8,"supported":false,"encoder_us":0,"wall_us":0,"staging_bytes":0,"detail":"lane-allocation-failed"}
I (3936) blip_led_qual: BLIP_LED_QUAL {"schema_version":1,"target":"esp32","backend":"rmt","load":"idle","lanes":16,"pixels":32,"iterations":8,"supported":false,"encoder_us":0,"wall_us":0,"staging_bytes":0,"detail":"lane-allocation-failed"}
I (3956) blip_led_qual: BLIP_LED_QUAL {"schema_version":1,"target":"esp32","backend":"rmt","load":"idle","lanes":16,"pixels":256,"iterations":8,"supported":false,"encoder_us":0,"wall_us":0,"staging_bytes":0,"detail":"lane-allocation-failed"}
I (3986) blip_led_qual: BLIP_LED_QUAL {"schema_version":1,"target":"esp32","backend":"rmt","load":"idle","lanes":16,"pixels":512,"iterations":8,"supported":false,"encoder_us":0,"wall_us":0,"staging_bytes":0,"detail":"lane-allocation-failed"}
I (4006) blip_led_qual: BLIP_LED_QUAL {"schema_version":1,"target":"esp32","backend":"rmt","load":"idle","lanes":16,"pixels":1024,"iterations":8,"supported":false,"encoder_us":0,"wall_us":0,"staging_bytes":0,"detail":"lane-allocation-failed"}
I (4026) blip_led_qual: BLIP_LED_QUAL {"schema_version":1,"target":"esp32","backend":"rmt-dma","load":"idle","lanes":1,"pixels":1,"iterations":8,"supported":false,"encoder_us":0,"wall_us":0,"staging_bytes":0,"detail":"soc-no-rmt-dma"}
I (4046) blip_led_qual: BLIP_LED_QUAL {"schema_version":1,"target":"esp32","backend":"rmt-dma","load":"idle","lanes":1,"pixels":32,"iterations":8,"supported":false,"encoder_us":0,"wall_us":0,"staging_bytes":0,"detail":"soc-no-rmt-dma"}
I (4066) blip_led_qual: BLIP_LED_QUAL {"schema_version":1,"target":"esp32","backend":"rmt-dma","load":"idle","lanes":1,"pixels":256,"iterations":8,"supported":false,"encoder_us":0,"wall_us":0,"staging_bytes":0,"detail":"soc-no-rmt-dma"}
I (4086) blip_led_qual: BLIP_LED_QUAL {"schema_version":1,"target":"esp32","backend":"rmt-dma","load":"idle","lanes":1,"pixels":512,"iterations":8,"supported":false,"encoder_us":0,"wall_us":0,"staging_bytes":0,"detail":"soc-no-rmt-dma"}
I (4106) blip_led_qual: BLIP_LED_QUAL {"schema_version":1,"target":"esp32","backend":"rmt-dma","load":"idle","lanes":1,"pixels":1024,"iterations":8,"supported":false,"encoder_us":0,"wall_us":0,"staging_bytes":0,"detail":"soc-no-rmt-dma"}
I (4126) blip_led_qual: BLIP_LED_QUAL {"schema_version":1,"target":"esp32","backend":"rmt-dma","load":"idle","lanes":2,"pixels":1,"iterations":8,"supported":false,"encoder_us":0,"wall_us":0,"staging_bytes":0,"detail":"soc-no-rmt-dma"}
I (4146) blip_led_qual: BLIP_LED_QUAL {"schema_version":1,"target":"esp32","backend":"rmt-dma","load":"idle","lanes":2,"pixels":32,"iterations":8,"supported":false,"encoder_us":0,"wall_us":0,"staging_bytes":0,"detail":"soc-no-rmt-dma"}
I (4166) blip_led_qual: BLIP_LED_QUAL {"schema_version":1,"target":"esp32","backend":"rmt-dma","load":"idle","lanes":2,"pixels":256,"iterations":8,"supported":false,"encoder_us":0,"wall_us":0,"staging_bytes":0,"detail":"soc-no-rmt-dma"}
I (4186) blip_led_qual: BLIP_LED_QUAL {"schema_version":1,"target":"esp32","backend":"rmt-dma","load":"idle","lanes":2,"pixels":512,"iterations":8,"supported":false,"encoder_us":0,"wall_us":0,"staging_bytes":0,"detail":"soc-no-rmt-dma"}
I (4206) blip_led_qual: BLIP_LED_QUAL {"schema_version":1,"target":"esp32","backend":"rmt-dma","load":"idle","lanes":2,"pixels":1024,"iterations":8,"supported":false,"encoder_us":0,"wall_us":0,"staging_bytes":0,"detail":"soc-no-rmt-dma"}
I (4226) blip_led_qual: BLIP_LED_QUAL {"schema_version":1,"target":"esp32","backend":"rmt-dma","load":"idle","lanes":4,"pixels":1,"iterations":8,"supported":false,"encoder_us":0,"wall_us":0,"staging_bytes":0,"detail":"soc-no-rmt-dma"}
I (4246) blip_led_qual: BLIP_LED_QUAL {"schema_version":1,"target":"esp32","backend":"rmt-dma","load":"idle","lanes":4,"pixels":32,"iterations":8,"supported":false,"encoder_us":0,"wall_us":0,"staging_bytes":0,"detail":"soc-no-rmt-dma"}
I (4276) blip_led_qual: BLIP_LED_QUAL {"schema_version":1,"target":"esp32","backend":"rmt-dma","load":"idle","lanes":4,"pixels":256,"iterations":8,"supported":false,"encoder_us":0,"wall_us":0,"staging_bytes":0,"detail":"soc-no-rmt-dma"}
I (4296) blip_led_qual: BLIP_LED_QUAL {"schema_version":1,"target":"esp32","backend":"rmt-dma","load":"idle","lanes":4,"pixels":512,"iterations":8,"supported":false,"encoder_us":0,"wall_us":0,"staging_bytes":0,"detail":"soc-no-rmt-dma"}
I (4316) blip_led_qual: BLIP_LED_QUAL {"schema_version":1,"target":"esp32","backend":"rmt-dma","load":"idle","lanes":4,"pixels":1024,"iterations":8,"supported":false,"encoder_us":0,"wall_us":0,"staging_bytes":0,"detail":"soc-no-rmt-dma"}
I (4336) blip_led_qual: BLIP_LED_QUAL {"schema_version":1,"target":"esp32","backend":"rmt-dma","load":"idle","lanes":8,"pixels":1,"iterations":8,"supported":false,"encoder_us":0,"wall_us":0,"staging_bytes":0,"detail":"soc-no-rmt-dma"}
I (4356) blip_led_qual: BLIP_LED_QUAL {"schema_version":1,"target":"esp32","backend":"rmt-dma","load":"idle","lanes":8,"pixels":32,"iterations":8,"supported":false,"encoder_us":0,"wall_us":0,"staging_bytes":0,"detail":"soc-no-rmt-dma"}
I (4376) blip_led_qual: BLIP_LED_QUAL {"schema_version":1,"target":"esp32","backend":"rmt-dma","load":"idle","lanes":8,"pixels":256,"iterations":8,"supported":false,"encoder_us":0,"wall_us":0,"staging_bytes":0,"detail":"soc-no-rmt-dma"}
I (4396) blip_led_qual: BLIP_LED_QUAL {"schema_version":1,"target":"esp32","backend":"rmt-dma","load":"idle","lanes":8,"pixels":512,"iterations":8,"supported":false,"encoder_us":0,"wall_us":0,"staging_bytes":0,"detail":"soc-no-rmt-dma"}
I (4416) blip_led_qual: BLIP_LED_QUAL {"schema_version":1,"target":"esp32","backend":"rmt-dma","load":"idle","lanes":8,"pixels":1024,"iterations":8,"supported":false,"encoder_us":0,"wall_us":0,"staging_bytes":0,"detail":"soc-no-rmt-dma"}
I (4436) blip_led_qual: BLIP_LED_QUAL {"schema_version":1,"target":"esp32","backend":"rmt-dma","load":"idle","lanes":16,"pixels":1,"iterations":8,"supported":false,"encoder_us":0,"wall_us":0,"staging_bytes":0,"detail":"soc-no-rmt-dma"}
I (4456) blip_led_qual: BLIP_LED_QUAL {"schema_version":1,"target":"esp32","backend":"rmt-dma","load":"idle","lanes":16,"pixels":32,"iterations":8,"supported":false,"encoder_us":0,"wall_us":0,"staging_bytes":0,"detail":"soc-no-rmt-dma"}
I (4476) blip_led_qual: BLIP_LED_QUAL {"schema_version":1,"target":"esp32","backend":"rmt-dma","load":"idle","lanes":16,"pixels":256,"iterations":8,"supported":false,"encoder_us":0,"wall_us":0,"staging_bytes":0,"detail":"soc-no-rmt-dma"}
I (4496) blip_led_qual: BLIP_LED_QUAL {"schema_version":1,"target":"esp32","backend":"rmt-dma","load":"idle","lanes":16,"pixels":512,"iterations":8,"supported":false,"encoder_us":0,"wall_us":0,"staging_bytes":0,"detail":"soc-no-rmt-dma"}
I (4516) blip_led_qual: BLIP_LED_QUAL {"schema_version":1,"target":"esp32","backend":"rmt-dma","load":"idle","lanes":16,"pixels":1024,"iterations":8,"supported":false,"encoder_us":0,"wall_us":0,"staging_bytes":0,"detail":"soc-no-rmt-dma"}
I (4546) blip_led_qual: BLIP_LED_QUAL {"schema_version":1,"target":"esp32","backend":"spi-waveform","load":"idle","lanes":1,"pixels":1,"iterations":8,"supported":true,"encoder_us":62,"wall_us":423,"staging_bytes":9,"detail":"completed"}
I (4566) blip_led_qual: BLIP_LED_QUAL {"schema_version":1,"target":"esp32","backend":"spi-waveform","load":"idle","lanes":1,"pixels":32,"iterations":8,"supported":false,"encoder_us":1278,"wall_us":5380,"staging_bytes":288,"detail":"tx-failed"}
I (4596) blip_led_qual: BLIP_LED_QUAL {"schema_version":1,"target":"esp32","backend":"spi-waveform","load":"idle","lanes":1,"pixels":256,"iterations":8,"supported":false,"encoder_us":10148,"wall_us":65,"staging_bytes":2304,"detail":"tx-failed"}
I (4636) blip_led_qual: BLIP_LED_QUAL {"schema_version":1,"target":"esp32","backend":"spi-waveform","load":"idle","lanes":1,"pixels":512,"iterations":8,"supported":false,"encoder_us":20293,"wall_us":65,"staging_bytes":4608,"detail":"tx-failed"}
I (4696) blip_led_qual: BLIP_LED_QUAL {"schema_version":1,"target":"esp32","backend":"spi-waveform","load":"idle","lanes":1,"pixels":1024,"iterations":8,"supported":false,"encoder_us":40585,"wall_us":64,"staging_bytes":9216,"detail":"tx-failed"}
I (4716) blip_led_qual: BLIP_LED_QUAL {"schema_version":1,"target":"esp32","backend":"spi-waveform-dma","load":"idle","lanes":1,"pixels":1,"iterations":8,"supported":true,"encoder_us":50,"wall_us":444,"staging_bytes":9,"detail":"completed"}
I (4746) blip_led_qual: BLIP_LED_QUAL {"schema_version":1,"target":"esp32","backend":"spi-waveform-dma","load":"idle","lanes":1,"pixels":32,"iterations":8,"supported":true,"encoder_us":1274,"wall_us":7798,"staging_bytes":288,"detail":"completed"}
I (4826) blip_led_qual: BLIP_LED_QUAL {"schema_version":1,"target":"esp32","backend":"spi-waveform-dma","load":"idle","lanes":1,"pixels":256,"iterations":8,"supported":true,"encoder_us":10148,"wall_us":61022,"staging_bytes":2304,"detail":"completed"}
I (4976) blip_led_qual: BLIP_LED_QUAL {"schema_version":1,"target":"esp32","backend":"spi-waveform-dma","load":"idle","lanes":1,"pixels":512,"iterations":8,"supported":true,"encoder_us":20294,"wall_us":121852,"staging_bytes":4608,"detail":"completed"}
I (5276) blip_led_qual: BLIP_LED_QUAL {"schema_version":1,"target":"esp32","backend":"spi-waveform-dma","load":"idle","lanes":1,"pixels":1024,"iterations":8,"supported":true,"encoder_us":40585,"wall_us":243506,"staging_bytes":9216,"detail":"completed"}
I (5286) blip_led_qual: BLIP_LED_QUAL {"schema_version":1,"target":"esp32","backend":"spi-clocked","load":"idle","lanes":1,"pixels":1,"iterations":8,"supported":true,"encoder_us":28,"wall_us":249,"staging_bytes":9,"detail":"completed"}
I (5306) blip_led_qual: BLIP_LED_QUAL {"schema_version":1,"target":"esp32","backend":"spi-clocked","load":"idle","lanes":1,"pixels":32,"iterations":8,"supported":true,"encoder_us":64,"wall_us":1036,"staging_bytes":134,"detail":"completed"}
I (5336) blip_led_qual: BLIP_LED_QUAL {"schema_version":1,"target":"esp32","backend":"spi-clocked","load":"idle","lanes":1,"pixels":256,"iterations":8,"supported":true,"encoder_us":437,"wall_us":6861,"staging_bytes":1044,"detail":"completed"}
I (5366) blip_led_qual: BLIP_LED_QUAL {"schema_version":1,"target":"esp32","backend":"spi-clocked","load":"idle","lanes":1,"pixels":512,"iterations":8,"supported":true,"encoder_us":869,"wall_us":13517,"staging_bytes":2084,"detail":"completed"}
I (5406) blip_led_qual: BLIP_LED_QUAL {"schema_version":1,"target":"esp32","backend":"spi-clocked","load":"idle","lanes":1,"pixels":1024,"iterations":8,"supported":true,"encoder_us":1734,"wall_us":26833,"staging_bytes":4164,"detail":"completed"}
I (5416) blip_led_qual: BLIP_LED_QUAL {"schema_version":1,"target":"esp32","backend":"spi-multiline","load":"idle","lanes":1,"pixels":1,"iterations":8,"supported":false,"encoder_us":0,"wall_us":0,"staging_bytes":0,"detail":"external-pin-capture-fixture-required"}
I (5436) blip_led_qual: BLIP_LED_QUAL {"schema_version":1,"target":"esp32","backend":"lcd-i80","load":"idle","lanes":1,"pixels":1,"iterations":8,"supported":false,"encoder_us":0,"wall_us":0,"staging_bytes":0,"detail":"external-pin-capture-fixture-required"}
I (5456) blip_led_qual: BLIP_LED_QUAL {"schema_version":1,"target":"esp32","backend":"spi-multiline","load":"idle","lanes":1,"pixels":32,"iterations":8,"supported":false,"encoder_us":0,"wall_us":0,"staging_bytes":0,"detail":"external-pin-capture-fixture-required"}
I (5476) blip_led_qual: BLIP_LED_QUAL {"schema_version":1,"target":"esp32","backend":"lcd-i80","load":"idle","lanes":1,"pixels":32,"iterations":8,"supported":false,"encoder_us":0,"wall_us":0,"staging_bytes":0,"detail":"external-pin-capture-fixture-required"}
I (5506) blip_led_qual: BLIP_LED_QUAL {"schema_version":1,"target":"esp32","backend":"spi-multiline","load":"idle","lanes":1,"pixels":256,"iterations":8,"supported":false,"encoder_us":0,"wall_us":0,"staging_bytes":0,"detail":"external-pin-capture-fixture-required"}
I (5526) blip_led_qual: BLIP_LED_QUAL {"schema_version":1,"target":"esp32","backend":"lcd-i80","load":"idle","lanes":1,"pixels":256,"iterations":8,"supported":false,"encoder_us":0,"wall_us":0,"staging_bytes":0,"detail":"external-pin-capture-fixture-required"}
I (5546) blip_led_qual: BLIP_LED_QUAL {"schema_version":1,"target":"esp32","backend":"spi-multiline","load":"idle","lanes":1,"pixels":512,"iterations":8,"supported":false,"encoder_us":0,"wall_us":0,"staging_bytes":0,"detail":"external-pin-capture-fixture-required"}
I (5576) blip_led_qual: BLIP_LED_QUAL {"schema_version":1,"target":"esp32","backend":"lcd-i80","load":"idle","lanes":1,"pixels":512,"iterations":8,"supported":false,"encoder_us":0,"wall_us":0,"staging_bytes":0,"detail":"external-pin-capture-fixture-required"}
I (5596) blip_led_qual: BLIP_LED_QUAL {"schema_version":1,"target":"esp32","backend":"spi-multiline","load":"idle","lanes":1,"pixels":1024,"iterations":8,"supported":false,"encoder_us":0,"wall_us":0,"staging_bytes":0,"detail":"external-pin-capture-fixture-required"}
I (5616) blip_led_qual: BLIP_LED_QUAL {"schema_version":1,"target":"esp32","backend":"lcd-i80","load":"idle","lanes":1,"pixels":1024,"iterations":8,"supported":false,"encoder_us":0,"wall_us":0,"staging_bytes":0,"detail":"external-pin-capture-fixture-required"}
I (5636) blip_led_qual: BLIP_LED_QUAL {"schema_version":1,"target":"esp32","backend":"spi-multiline","load":"idle","lanes":2,"pixels":1,"iterations":8,"supported":false,"encoder_us":0,"wall_us":0,"staging_bytes":0,"detail":"external-pin-capture-fixture-required"}
I (5666) blip_led_qual: BLIP_LED_QUAL {"schema_version":1,"target":"esp32","backend":"lcd-i80","load":"idle","lanes":2,"pixels":1,"iterations":8,"supported":false,"encoder_us":0,"wall_us":0,"staging_bytes":0,"detail":"external-pin-capture-fixture-required"}
I (5686) blip_led_qual: BLIP_LED_QUAL {"schema_version":1,"target":"esp32","backend":"spi-multiline","load":"idle","lanes":2,"pixels":32,"iterations":8,"supported":false,"encoder_us":0,"wall_us":0,"staging_bytes":0,"detail":"external-pin-capture-fixture-required"}
I (5706) blip_led_qual: BLIP_LED_QUAL {"schema_version":1,"target":"esp32","backend":"lcd-i80","load":"idle","lanes":2,"pixels":32,"iterations":8,"supported":false,"encoder_us":0,"wall_us":0,"staging_bytes":0,"detail":"external-pin-capture-fixture-required"}
I (5736) blip_led_qual: BLIP_LED_QUAL {"schema_version":1,"target":"esp32","backend":"spi-multiline","load":"idle","lanes":2,"pixels":256,"iterations":8,"supported":false,"encoder_us":0,"wall_us":0,"staging_bytes":0,"detail":"external-pin-capture-fixture-required"}
I (5756) blip_led_qual: BLIP_LED_QUAL {"schema_version":1,"target":"esp32","backend":"lcd-i80","load":"idle","lanes":2,"pixels":256,"iterations":8,"supported":false,"encoder_us":0,"wall_us":0,"staging_bytes":0,"detail":"external-pin-capture-fixture-required"}
I (5776) blip_led_qual: BLIP_LED_QUAL {"schema_version":1,"target":"esp32","backend":"spi-multiline","load":"idle","lanes":2,"pixels":512,"iterations":8,"supported":false,"encoder_us":0,"wall_us":0,"staging_bytes":0,"detail":"external-pin-capture-fixture-required"}
I (5796) blip_led_qual: BLIP_LED_QUAL {"schema_version":1,"target":"esp32","backend":"lcd-i80","load":"idle","lanes":2,"pixels":512,"iterations":8,"supported":false,"encoder_us":0,"wall_us":0,"staging_bytes":0,"detail":"external-pin-capture-fixture-required"}
I (5826) blip_led_qual: BLIP_LED_QUAL {"schema_version":1,"target":"esp32","backend":"spi-multiline","load":"idle","lanes":2,"pixels":1024,"iterations":8,"supported":false,"encoder_us":0,"wall_us":0,"staging_bytes":0,"detail":"external-pin-capture-fixture-required"}
I (5846) blip_led_qual: BLIP_LED_QUAL {"schema_version":1,"target":"esp32","backend":"lcd-i80","load":"idle","lanes":2,"pixels":1024,"iterations":8,"supported":false,"encoder_us":0,"wall_us":0,"staging_bytes":0,"detail":"external-pin-capture-fixture-required"}
I (5866) blip_led_qual: BLIP_LED_QUAL {"schema_version":1,"target":"esp32","backend":"spi-multiline","load":"idle","lanes":4,"pixels":1,"iterations":8,"supported":false,"encoder_us":0,"wall_us":0,"staging_bytes":0,"detail":"external-pin-capture-fixture-required"}
I (5896) blip_led_qual: BLIP_LED_QUAL {"schema_version":1,"target":"esp32","backend":"lcd-i80","load":"idle","lanes":4,"pixels":1,"iterations":8,"supported":false,"encoder_us":0,"wall_us":0,"staging_bytes":0,"detail":"external-pin-capture-fixture-required"}
I (5916) blip_led_qual: BLIP_LED_QUAL {"schema_version":1,"target":"esp32","backend":"spi-multiline","load":"idle","lanes":4,"pixels":32,"iterations":8,"supported":false,"encoder_us":0,"wall_us":0,"staging_bytes":0,"detail":"external-pin-capture-fixture-required"}
I (5936) blip_led_qual: BLIP_LED_QUAL {"schema_version":1,"target":"esp32","backend":"lcd-i80","load":"idle","lanes":4,"pixels":32,"iterations":8,"supported":false,"encoder_us":0,"wall_us":0,"staging_bytes":0,"detail":"external-pin-capture-fixture-required"}
I (5956) blip_led_qual: BLIP_LED_QUAL {"schema_version":1,"target":"esp32","backend":"spi-multiline","load":"idle","lanes":4,"pixels":256,"iterations":8,"supported":false,"encoder_us":0,"wall_us":0,"staging_bytes":0,"detail":"external-pin-capture-fixture-required"}
I (5986) blip_led_qual: BLIP_LED_QUAL {"schema_version":1,"target":"esp32","backend":"lcd-i80","load":"idle","lanes":4,"pixels":256,"iterations":8,"supported":false,"encoder_us":0,"wall_us":0,"staging_bytes":0,"detail":"external-pin-capture-fixture-required"}
I (6006) blip_led_qual: BLIP_LED_QUAL {"schema_version":1,"target":"esp32","backend":"spi-multiline","load":"idle","lanes":4,"pixels":512,"iterations":8,"supported":false,"encoder_us":0,"wall_us":0,"staging_bytes":0,"detail":"external-pin-capture-fixture-required"}
I (6026) blip_led_qual: BLIP_LED_QUAL {"schema_version":1,"target":"esp32","backend":"lcd-i80","load":"idle","lanes":4,"pixels":512,"iterations":8,"supported":false,"encoder_us":0,"wall_us":0,"staging_bytes":0,"detail":"external-pin-capture-fixture-required"}
I (6056) blip_led_qual: BLIP_LED_QUAL {"schema_version":1,"target":"esp32","backend":"spi-multiline","load":"idle","lanes":4,"pixels":1024,"iterations":8,"supported":false,"encoder_us":0,"wall_us":0,"staging_bytes":0,"detail":"external-pin-capture-fixture-required"}
I (6076) blip_led_qual: BLIP_LED_QUAL {"schema_version":1,"target":"esp32","backend":"lcd-i80","load":"idle","lanes":4,"pixels":1024,"iterations":8,"supported":false,"encoder_us":0,"wall_us":0,"staging_bytes":0,"detail":"external-pin-capture-fixture-required"}
I (6096) blip_led_qual: BLIP_LED_QUAL {"schema_version":1,"target":"esp32","backend":"spi-multiline","load":"idle","lanes":8,"pixels":1,"iterations":8,"supported":false,"encoder_us":0,"wall_us":0,"staging_bytes":0,"detail":"external-pin-capture-fixture-required"}
I (6126) blip_led_qual: BLIP_LED_QUAL {"schema_version":1,"target":"esp32","backend":"lcd-i80","load":"idle","lanes":8,"pixels":1,"iterations":8,"supported":false,"encoder_us":0,"wall_us":0,"staging_bytes":0,"detail":"external-pin-capture-fixture-required"}
I (6146) blip_led_qual: BLIP_LED_QUAL {"schema_version":1,"target":"esp32","backend":"spi-multiline","load":"idle","lanes":8,"pixels":32,"iterations":8,"supported":false,"encoder_us":0,"wall_us":0,"staging_bytes":0,"detail":"external-pin-capture-fixture-required"}
I (6166) blip_led_qual: BLIP_LED_QUAL {"schema_version":1,"target":"esp32","backend":"lcd-i80","load":"idle","lanes":8,"pixels":32,"iterations":8,"supported":false,"encoder_us":0,"wall_us":0,"staging_bytes":0,"detail":"external-pin-capture-fixture-required"}
I (6186) blip_led_qual: BLIP_LED_QUAL {"schema_version":1,"target":"esp32","backend":"spi-multiline","load":"idle","lanes":8,"pixels":256,"iterations":8,"supported":false,"encoder_us":0,"wall_us":0,"staging_bytes":0,"detail":"external-pin-capture-fixture-required"}
I (6216) blip_led_qual: BLIP_LED_QUAL {"schema_version":1,"target":"esp32","backend":"lcd-i80","load":"idle","lanes":8,"pixels":256,"iterations":8,"supported":false,"encoder_us":0,"wall_us":0,"staging_bytes":0,"detail":"external-pin-capture-fixture-required"}
I (6236) blip_led_qual: BLIP_LED_QUAL {"schema_version":1,"target":"esp32","backend":"spi-multiline","load":"idle","lanes":8,"pixels":512,"iterations":8,"supported":false,"encoder_us":0,"wall_us":0,"staging_bytes":0,"detail":"external-pin-capture-fixture-required"}
I (6256) blip_led_qual: BLIP_LED_QUAL {"schema_version":1,"target":"esp32","backend":"lcd-i80","load":"idle","lanes":8,"pixels":512,"iterations":8,"supported":false,"encoder_us":0,"wall_us":0,"staging_bytes":0,"detail":"external-pin-capture-fixture-required"}
I (6286) blip_led_qual: BLIP_LED_QUAL {"schema_version":1,"target":"esp32","backend":"spi-multiline","load":"idle","lanes":8,"pixels":1024,"iterations":8,"supported":false,"encoder_us":0,"wall_us":0,"staging_bytes":0,"detail":"external-pin-capture-fixture-required"}
I (6306) blip_led_qual: BLIP_LED_QUAL {"schema_version":1,"target":"esp32","backend":"lcd-i80","load":"idle","lanes":8,"pixels":1024,"iterations":8,"supported":false,"encoder_us":0,"wall_us":0,"staging_bytes":0,"detail":"external-pin-capture-fixture-required"}
I (6326) blip_led_qual: BLIP_LED_QUAL {"schema_version":1,"target":"esp32","backend":"spi-multiline","load":"idle","lanes":16,"pixels":1,"iterations":8,"supported":false,"encoder_us":0,"wall_us":0,"staging_bytes":0,"detail":"external-pin-capture-fixture-required"}
I (6346) blip_led_qual: BLIP_LED_QUAL {"schema_version":1,"target":"esp32","backend":"lcd-i80","load":"idle","lanes":16,"pixels":1,"iterations":8,"supported":false,"encoder_us":0,"wall_us":0,"staging_bytes":0,"detail":"external-pin-capture-fixture-required"}
I (6376) blip_led_qual: BLIP_LED_QUAL {"schema_version":1,"target":"esp32","backend":"spi-multiline","load":"idle","lanes":16,"pixels":32,"iterations":8,"supported":false,"encoder_us":0,"wall_us":0,"staging_bytes":0,"detail":"external-pin-capture-fixture-required"}
I (6396) blip_led_qual: BLIP_LED_QUAL {"schema_version":1,"target":"esp32","backend":"lcd-i80","load":"idle","lanes":16,"pixels":32,"iterations":8,"supported":false,"encoder_us":0,"wall_us":0,"staging_bytes":0,"detail":"external-pin-capture-fixture-required"}
I (6416) blip_led_qual: BLIP_LED_QUAL {"schema_version":1,"target":"esp32","backend":"spi-multiline","load":"idle","lanes":16,"pixels":256,"iterations":8,"supported":false,"encoder_us":0,"wall_us":0,"staging_bytes":0,"detail":"external-pin-capture-fixture-required"}
I (6446) blip_led_qual: BLIP_LED_QUAL {"schema_version":1,"target":"esp32","backend":"lcd-i80","load":"idle","lanes":16,"pixels":256,"iterations":8,"supported":false,"encoder_us":0,"wall_us":0,"staging_bytes":0,"detail":"external-pin-capture-fixture-required"}
I (6466) blip_led_qual: BLIP_LED_QUAL {"schema_version":1,"target":"esp32","backend":"spi-multiline","load":"idle","lanes":16,"pixels":512,"iterations":8,"supported":false,"encoder_us":0,"wall_us":0,"staging_bytes":0,"detail":"external-pin-capture-fixture-required"}
I (6486) blip_led_qual: BLIP_LED_QUAL {"schema_version":1,"target":"esp32","backend":"lcd-i80","load":"idle","lanes":16,"pixels":512,"iterations":8,"supported":false,"encoder_us":0,"wall_us":0,"staging_bytes":0,"detail":"external-pin-capture-fixture-required"}
I (6506) blip_led_qual: BLIP_LED_QUAL {"schema_version":1,"target":"esp32","backend":"spi-multiline","load":"idle","lanes":16,"pixels":1024,"iterations":8,"supported":false,"encoder_us":0,"wall_us":0,"staging_bytes":0,"detail":"external-pin-capture-fixture-required"}
I (6536) blip_led_qual: BLIP_LED_QUAL {"schema_version":1,"target":"esp32","backend":"lcd-i80","load":"idle","lanes":16,"pixels":1024,"iterations":8,"supported":false,"encoder_us":0,"wall_us":0,"staging_bytes":0,"detail":"external-pin-capture-fixture-required"}
I (6556) blip_led_qual: BLIP_LED_QUAL_DONE target=esp32 heap=359488

# target=esp32s3 port=COM9
I (1097) blip_led_qual: BLIP_LED_QUAL_BEGIN target=esp32s3 idf=v6.0.2 rmt_gpio=3 spi_data_gpio=5 spi_clock_gpio=6 heap=364200
I (1097) blip_led_qual: BLIP_LED_QUAL {"schema_version":1,"target":"esp32s3","backend":"rmt","load":"idle","lanes":1,"pixels":1,"iterations":8,"supported":true,"encoder_us":0,"wall_us":641,"staging_bytes":0,"detail":"completed"}
I (1107) blip_led_qual: BLIP_LED_QUAL {"schema_version":1,"target":"esp32s3","backend":"rmt","load":"idle","lanes":1,"pixels":32,"iterations":8,"supported":true,"encoder_us":0,"wall_us":8325,"staging_bytes":0,"detail":"completed"}
I (1167) blip_led_qual: BLIP_LED_QUAL {"schema_version":1,"target":"esp32s3","backend":"rmt","load":"idle","lanes":1,"pixels":256,"iterations":8,"supported":true,"encoder_us":0,"wall_us":64242,"staging_bytes":0,"detail":"completed"}
I (1297) blip_led_qual: BLIP_LED_QUAL {"schema_version":1,"target":"esp32s3","backend":"rmt","load":"idle","lanes":1,"pixels":512,"iterations":8,"supported":true,"encoder_us":0,"wall_us":128131,"staging_bytes":0,"detail":"completed"}
I (1557) blip_led_qual: BLIP_LED_QUAL {"schema_version":1,"target":"esp32s3","backend":"rmt","load":"idle","lanes":1,"pixels":1024,"iterations":8,"supported":true,"encoder_us":0,"wall_us":255926,"staging_bytes":0,"detail":"completed"}
I (1557) blip_led_qual: BLIP_LED_QUAL {"schema_version":1,"target":"esp32s3","backend":"rmt","load":"idle","lanes":2,"pixels":1,"iterations":8,"supported":true,"encoder_us":0,"wall_us":821,"staging_bytes":0,"detail":"completed"}
I (1567) blip_led_qual: BLIP_LED_QUAL {"schema_version":1,"target":"esp32s3","backend":"rmt","load":"idle","lanes":2,"pixels":32,"iterations":8,"supported":true,"encoder_us":0,"wall_us":8546,"staging_bytes":0,"detail":"completed"}
I (1627) blip_led_qual: BLIP_LED_QUAL {"schema_version":1,"target":"esp32s3","backend":"rmt","load":"idle","lanes":2,"pixels":256,"iterations":8,"supported":true,"encoder_us":0,"wall_us":64454,"staging_bytes":0,"detail":"completed"}
I (1757) blip_led_qual: BLIP_LED_QUAL {"schema_version":1,"target":"esp32s3","backend":"rmt","load":"idle","lanes":2,"pixels":512,"iterations":8,"supported":true,"encoder_us":0,"wall_us":128351,"staging_bytes":0,"detail":"completed"}
I (2017) blip_led_qual: BLIP_LED_QUAL {"schema_version":1,"target":"esp32s3","backend":"rmt","load":"idle","lanes":2,"pixels":1024,"iterations":8,"supported":true,"encoder_us":0,"wall_us":256146,"staging_bytes":0,"detail":"completed"}
I (2017) blip_led_qual: BLIP_LED_QUAL {"schema_version":1,"target":"esp32s3","backend":"rmt","load":"idle","lanes":4,"pixels":1,"iterations":8,"supported":true,"encoder_us":0,"wall_us":1281,"staging_bytes":0,"detail":"completed"}
I (2027) blip_led_qual: BLIP_LED_QUAL {"schema_version":1,"target":"esp32s3","backend":"rmt","load":"idle","lanes":4,"pixels":32,"iterations":8,"supported":true,"encoder_us":0,"wall_us":9505,"staging_bytes":0,"detail":"completed"}
I (2097) blip_led_qual: BLIP_LED_QUAL {"schema_version":1,"target":"esp32s3","backend":"rmt","load":"idle","lanes":4,"pixels":256,"iterations":8,"supported":true,"encoder_us":0,"wall_us":65380,"staging_bytes":0,"detail":"completed"}
I (2227) blip_led_qual: BLIP_LED_QUAL {"schema_version":1,"target":"esp32s3","backend":"rmt","load":"idle","lanes":4,"pixels":512,"iterations":8,"supported":true,"encoder_us":0,"wall_us":129277,"staging_bytes":0,"detail":"completed"}
I (2487) blip_led_qual: BLIP_LED_QUAL {"schema_version":1,"target":"esp32s3","backend":"rmt","load":"idle","lanes":4,"pixels":1024,"iterations":8,"supported":true,"encoder_us":0,"wall_us":257072,"staging_bytes":0,"detail":"completed"}
I (2487) blip_led_qual: BLIP_LED_QUAL {"schema_version":1,"target":"esp32s3","backend":"rmt","load":"idle","lanes":8,"pixels":1,"iterations":8,"supported":false,"encoder_us":0,"wall_us":0,"staging_bytes":0,"detail":"lane-allocation-failed"}
I (2487) blip_led_qual: BLIP_LED_QUAL {"schema_version":1,"target":"esp32s3","backend":"rmt","load":"idle","lanes":8,"pixels":32,"iterations":8,"supported":false,"encoder_us":0,"wall_us":0,"staging_bytes":0,"detail":"lane-allocation-failed"}
I (2487) blip_led_qual: BLIP_LED_QUAL {"schema_version":1,"target":"esp32s3","backend":"rmt","load":"idle","lanes":8,"pixels":256,"iterations":8,"supported":false,"encoder_us":0,"wall_us":0,"staging_bytes":0,"detail":"lane-allocation-failed"}
I (2487) blip_led_qual: BLIP_LED_QUAL {"schema_version":1,"target":"esp32s3","backend":"rmt","load":"idle","lanes":8,"pixels":512,"iterations":8,"supported":false,"encoder_us":0,"wall_us":0,"staging_bytes":0,"detail":"lane-allocation-failed"}
I (2487) blip_led_qual: BLIP_LED_QUAL {"schema_version":1,"target":"esp32s3","backend":"rmt","load":"idle","lanes":8,"pixels":1024,"iterations":8,"supported":false,"encoder_us":0,"wall_us":0,"staging_bytes":0,"detail":"lane-allocation-failed"}
I (2497) blip_led_qual: BLIP_LED_QUAL {"schema_version":1,"target":"esp32s3","backend":"rmt","load":"idle","lanes":16,"pixels":1,"iterations":8,"supported":false,"encoder_us":0,"wall_us":0,"staging_bytes":0,"detail":"lane-allocation-failed"}
I (2497) blip_led_qual: BLIP_LED_QUAL {"schema_version":1,"target":"esp32s3","backend":"rmt","load":"idle","lanes":16,"pixels":32,"iterations":8,"supported":false,"encoder_us":0,"wall_us":0,"staging_bytes":0,"detail":"lane-allocation-failed"}
I (2497) blip_led_qual: BLIP_LED_QUAL {"schema_version":1,"target":"esp32s3","backend":"rmt","load":"idle","lanes":16,"pixels":256,"iterations":8,"supported":false,"encoder_us":0,"wall_us":0,"staging_bytes":0,"detail":"lane-allocation-failed"}
I (2497) blip_led_qual: BLIP_LED_QUAL {"schema_version":1,"target":"esp32s3","backend":"rmt","load":"idle","lanes":16,"pixels":512,"iterations":8,"supported":false,"encoder_us":0,"wall_us":0,"staging_bytes":0,"detail":"lane-allocation-failed"}
I (2497) blip_led_qual: BLIP_LED_QUAL {"schema_version":1,"target":"esp32s3","backend":"rmt","load":"idle","lanes":16,"pixels":1024,"iterations":8,"supported":false,"encoder_us":0,"wall_us":0,"staging_bytes":0,"detail":"lane-allocation-failed"}
I (2497) blip_led_qual: BLIP_LED_QUAL {"schema_version":1,"target":"esp32s3","backend":"rmt-dma","load":"idle","lanes":1,"pixels":1,"iterations":8,"supported":true,"encoder_us":0,"wall_us":731,"staging_bytes":0,"detail":"completed"}
I (2507) blip_led_qual: BLIP_LED_QUAL {"schema_version":1,"target":"esp32s3","backend":"rmt-dma","load":"idle","lanes":1,"pixels":32,"iterations":8,"supported":true,"encoder_us":0,"wall_us":8936,"staging_bytes":0,"detail":"completed"}
I (2577) blip_led_qual: BLIP_LED_QUAL {"schema_version":1,"target":"esp32s3","backend":"rmt-dma","load":"idle","lanes":1,"pixels":256,"iterations":8,"supported":true,"encoder_us":0,"wall_us":64845,"staging_bytes":0,"detail":"completed"}
I (2707) blip_led_qual: BLIP_LED_QUAL {"schema_version":1,"target":"esp32s3","backend":"rmt-dma","load":"idle","lanes":1,"pixels":512,"iterations":8,"supported":true,"encoder_us":0,"wall_us":128741,"staging_bytes":0,"detail":"completed"}
I (2957) blip_led_qual: BLIP_LED_QUAL {"schema_version":1,"target":"esp32s3","backend":"rmt-dma","load":"idle","lanes":1,"pixels":1024,"iterations":8,"supported":true,"encoder_us":0,"wall_us":256537,"staging_bytes":0,"detail":"completed"}
I (2967) blip_led_qual: BLIP_LED_QUAL {"schema_version":1,"target":"esp32s3","backend":"rmt-dma","load":"idle","lanes":2,"pixels":1,"iterations":8,"supported":false,"encoder_us":0,"wall_us":0,"staging_bytes":0,"detail":"lane-allocation-failed"}
I (2967) blip_led_qual: BLIP_LED_QUAL {"schema_version":1,"target":"esp32s3","backend":"rmt-dma","load":"idle","lanes":2,"pixels":32,"iterations":8,"supported":false,"encoder_us":0,"wall_us":0,"staging_bytes":0,"detail":"lane-allocation-failed"}
I (2967) blip_led_qual: BLIP_LED_QUAL {"schema_version":1,"target":"esp32s3","backend":"rmt-dma","load":"idle","lanes":2,"pixels":256,"iterations":8,"supported":false,"encoder_us":0,"wall_us":0,"staging_bytes":0,"detail":"lane-allocation-failed"}
I (2967) blip_led_qual: BLIP_LED_QUAL {"schema_version":1,"target":"esp32s3","backend":"rmt-dma","load":"idle","lanes":2,"pixels":512,"iterations":8,"supported":false,"encoder_us":0,"wall_us":0,"staging_bytes":0,"detail":"lane-allocation-failed"}
I (2967) blip_led_qual: BLIP_LED_QUAL {"schema_version":1,"target":"esp32s3","backend":"rmt-dma","load":"idle","lanes":2,"pixels":1024,"iterations":8,"supported":false,"encoder_us":0,"wall_us":0,"staging_bytes":0,"detail":"lane-allocation-failed"}
I (2967) blip_led_qual: BLIP_LED_QUAL {"schema_version":1,"target":"esp32s3","backend":"rmt-dma","load":"idle","lanes":4,"pixels":1,"iterations":8,"supported":false,"encoder_us":0,"wall_us":0,"staging_bytes":0,"detail":"lane-allocation-failed"}
I (2967) blip_led_qual: BLIP_LED_QUAL {"schema_version":1,"target":"esp32s3","backend":"rmt-dma","load":"idle","lanes":4,"pixels":32,"iterations":8,"supported":false,"encoder_us":0,"wall_us":0,"staging_bytes":0,"detail":"lane-allocation-failed"}
I (2967) blip_led_qual: BLIP_LED_QUAL {"schema_version":1,"target":"esp32s3","backend":"rmt-dma","load":"idle","lanes":4,"pixels":256,"iterations":8,"supported":false,"encoder_us":0,"wall_us":0,"staging_bytes":0,"detail":"lane-allocation-failed"}
I (2967) blip_led_qual: BLIP_LED_QUAL {"schema_version":1,"target":"esp32s3","backend":"rmt-dma","load":"idle","lanes":4,"pixels":512,"iterations":8,"supported":false,"encoder_us":0,"wall_us":0,"staging_bytes":0,"detail":"lane-allocation-failed"}
I (2967) blip_led_qual: BLIP_LED_QUAL {"schema_version":1,"target":"esp32s3","backend":"rmt-dma","load":"idle","lanes":4,"pixels":1024,"iterations":8,"supported":false,"encoder_us":0,"wall_us":0,"staging_bytes":0,"detail":"lane-allocation-failed"}
I (2977) blip_led_qual: BLIP_LED_QUAL {"schema_version":1,"target":"esp32s3","backend":"rmt-dma","load":"idle","lanes":8,"pixels":1,"iterations":8,"supported":false,"encoder_us":0,"wall_us":0,"staging_bytes":0,"detail":"lane-allocation-failed"}
I (2977) blip_led_qual: BLIP_LED_QUAL {"schema_version":1,"target":"esp32s3","backend":"rmt-dma","load":"idle","lanes":8,"pixels":32,"iterations":8,"supported":false,"encoder_us":0,"wall_us":0,"staging_bytes":0,"detail":"lane-allocation-failed"}
I (2977) blip_led_qual: BLIP_LED_QUAL {"schema_version":1,"target":"esp32s3","backend":"rmt-dma","load":"idle","lanes":8,"pixels":256,"iterations":8,"supported":false,"encoder_us":0,"wall_us":0,"staging_bytes":0,"detail":"lane-allocation-failed"}
I (2977) blip_led_qual: BLIP_LED_QUAL {"schema_version":1,"target":"esp32s3","backend":"rmt-dma","load":"idle","lanes":8,"pixels":512,"iterations":8,"supported":false,"encoder_us":0,"wall_us":0,"staging_bytes":0,"detail":"lane-allocation-failed"}
I (2977) blip_led_qual: BLIP_LED_QUAL {"schema_version":1,"target":"esp32s3","backend":"rmt-dma","load":"idle","lanes":8,"pixels":1024,"iterations":8,"supported":false,"encoder_us":0,"wall_us":0,"staging_bytes":0,"detail":"lane-allocation-failed"}
I (2977) blip_led_qual: BLIP_LED_QUAL {"schema_version":1,"target":"esp32s3","backend":"rmt-dma","load":"idle","lanes":16,"pixels":1,"iterations":8,"supported":false,"encoder_us":0,"wall_us":0,"staging_bytes":0,"detail":"lane-allocation-failed"}
I (2977) blip_led_qual: BLIP_LED_QUAL {"schema_version":1,"target":"esp32s3","backend":"rmt-dma","load":"idle","lanes":16,"pixels":32,"iterations":8,"supported":false,"encoder_us":0,"wall_us":0,"staging_bytes":0,"detail":"lane-allocation-failed"}
I (2977) blip_led_qual: BLIP_LED_QUAL {"schema_version":1,"target":"esp32s3","backend":"rmt-dma","load":"idle","lanes":16,"pixels":256,"iterations":8,"supported":false,"encoder_us":0,"wall_us":0,"staging_bytes":0,"detail":"lane-allocation-failed"}
I (2977) blip_led_qual: BLIP_LED_QUAL {"schema_version":1,"target":"esp32s3","backend":"rmt-dma","load":"idle","lanes":16,"pixels":512,"iterations":8,"supported":false,"encoder_us":0,"wall_us":0,"staging_bytes":0,"detail":"lane-allocation-failed"}
I (2987) blip_led_qual: BLIP_LED_QUAL {"schema_version":1,"target":"esp32s3","backend":"rmt-dma","load":"idle","lanes":16,"pixels":1024,"iterations":8,"supported":false,"encoder_us":0,"wall_us":0,"staging_bytes":0,"detail":"lane-allocation-failed"}
I (2987) blip_led_qual: BLIP_LED_QUAL {"schema_version":1,"target":"esp32s3","backend":"spi-waveform","load":"idle","lanes":1,"pixels":1,"iterations":8,"supported":true,"encoder_us":42,"wall_us":423,"staging_bytes":9,"detail":"completed"}
I (2987) blip_led_qual: BLIP_LED_QUAL {"schema_version":1,"target":"esp32s3","backend":"spi-waveform","load":"idle","lanes":1,"pixels":32,"iterations":8,"supported":false,"encoder_us":1035,"wall_us":193,"staging_bytes":288,"detail":"tx-failed"}
I (2997) blip_led_qual: BLIP_LED_QUAL {"schema_version":1,"target":"esp32s3","backend":"spi-waveform","load":"idle","lanes":1,"pixels":256,"iterations":8,"supported":false,"encoder_us":8267,"wall_us":187,"staging_bytes":2304,"detail":"tx-failed"}
I (3017) blip_led_qual: BLIP_LED_QUAL {"schema_version":1,"target":"esp32s3","backend":"spi-waveform","load":"idle","lanes":1,"pixels":512,"iterations":8,"supported":false,"encoder_us":16534,"wall_us":187,"staging_bytes":4608,"detail":"tx-failed"}
I (3047) blip_led_qual: BLIP_LED_QUAL {"schema_version":1,"target":"esp32s3","backend":"spi-waveform","load":"idle","lanes":1,"pixels":1024,"iterations":8,"supported":false,"encoder_us":33056,"wall_us":188,"staging_bytes":9216,"detail":"tx-failed"}
I (3047) blip_led_qual: BLIP_LED_QUAL {"schema_version":1,"target":"esp32s3","backend":"spi-waveform-dma","load":"idle","lanes":1,"pixels":1,"iterations":8,"supported":true,"encoder_us":39,"wall_us":476,"staging_bytes":9,"detail":"completed"}
I (3057) blip_led_qual: BLIP_LED_QUAL {"schema_version":1,"target":"esp32s3","backend":"spi-waveform-dma","load":"idle","lanes":1,"pixels":32,"iterations":8,"supported":true,"encoder_us":1035,"wall_us":7821,"staging_bytes":288,"detail":"completed"}
I (3127) blip_led_qual: BLIP_LED_QUAL {"schema_version":1,"target":"esp32s3","backend":"spi-waveform-dma","load":"idle","lanes":1,"pixels":256,"iterations":8,"supported":true,"encoder_us":8268,"wall_us":61043,"staging_bytes":2304,"detail":"completed"}
I (3267) blip_led_qual: BLIP_LED_QUAL {"schema_version":1,"target":"esp32s3","backend":"spi-waveform-dma","load":"idle","lanes":1,"pixels":512,"iterations":8,"supported":true,"encoder_us":16534,"wall_us":121871,"staging_bytes":4608,"detail":"completed"}
I (3547) blip_led_qual: BLIP_LED_QUAL {"schema_version":1,"target":"esp32s3","backend":"spi-waveform-dma","load":"idle","lanes":1,"pixels":1024,"iterations":8,"supported":true,"encoder_us":33064,"wall_us":243524,"staging_bytes":9216,"detail":"completed"}
I (3547) blip_led_qual: BLIP_LED_QUAL {"schema_version":1,"target":"esp32s3","backend":"spi-clocked","load":"idle","lanes":1,"pixels":1,"iterations":8,"supported":true,"encoder_us":17,"wall_us":292,"staging_bytes":9,"detail":"completed"}
I (3547) blip_led_qual: BLIP_LED_QUAL {"schema_version":1,"target":"esp32s3","backend":"spi-clocked","load":"idle","lanes":1,"pixels":32,"iterations":8,"supported":true,"encoder_us":54,"wall_us":1070,"staging_bytes":134,"detail":"completed"}
I (3557) blip_led_qual: BLIP_LED_QUAL {"schema_version":1,"target":"esp32s3","backend":"spi-clocked","load":"idle","lanes":1,"pixels":256,"iterations":8,"supported":true,"encoder_us":406,"wall_us":6893,"staging_bytes":1044,"detail":"completed"}
I (3577) blip_led_qual: BLIP_LED_QUAL {"schema_version":1,"target":"esp32s3","backend":"spi-clocked","load":"idle","lanes":1,"pixels":512,"iterations":8,"supported":true,"encoder_us":789,"wall_us":13549,"staging_bytes":2084,"detail":"completed"}
I (3607) blip_led_qual: BLIP_LED_QUAL {"schema_version":1,"target":"esp32s3","backend":"spi-clocked","load":"idle","lanes":1,"pixels":1024,"iterations":8,"supported":true,"encoder_us":1573,"wall_us":26864,"staging_bytes":4164,"detail":"completed"}
I (3607) blip_led_qual: BLIP_LED_QUAL {"schema_version":1,"target":"esp32s3","backend":"spi-multiline","load":"idle","lanes":1,"pixels":1,"iterations":8,"supported":false,"encoder_us":0,"wall_us":0,"staging_bytes":0,"detail":"external-pin-capture-fixture-required"}
I (3607) blip_led_qual: BLIP_LED_QUAL {"schema_version":1,"target":"esp32s3","backend":"lcd-i80","load":"idle","lanes":1,"pixels":1,"iterations":8,"supported":false,"encoder_us":0,"wall_us":0,"staging_bytes":0,"detail":"external-pin-capture-fixture-required"}
I (3607) blip_led_qual: BLIP_LED_QUAL {"schema_version":1,"target":"esp32s3","backend":"spi-multiline","load":"idle","lanes":1,"pixels":32,"iterations":8,"supported":false,"encoder_us":0,"wall_us":0,"staging_bytes":0,"detail":"external-pin-capture-fixture-required"}
I (3607) blip_led_qual: BLIP_LED_QUAL {"schema_version":1,"target":"esp32s3","backend":"lcd-i80","load":"idle","lanes":1,"pixels":32,"iterations":8,"supported":false,"encoder_us":0,"wall_us":0,"staging_bytes":0,"detail":"external-pin-capture-fixture-required"}
I (3607) blip_led_qual: BLIP_LED_QUAL {"schema_version":1,"target":"esp32s3","backend":"spi-multiline","load":"idle","lanes":1,"pixels":256,"iterations":8,"supported":false,"encoder_us":0,"wall_us":0,"staging_bytes":0,"detail":"external-pin-capture-fixture-required"}
I (3607) blip_led_qual: BLIP_LED_QUAL {"schema_version":1,"target":"esp32s3","backend":"lcd-i80","load":"idle","lanes":1,"pixels":256,"iterations":8,"supported":false,"encoder_us":0,"wall_us":0,"staging_bytes":0,"detail":"external-pin-capture-fixture-required"}
I (3607) blip_led_qual: BLIP_LED_QUAL {"schema_version":1,"target":"esp32s3","backend":"spi-multiline","load":"idle","lanes":1,"pixels":512,"iterations":8,"supported":false,"encoder_us":0,"wall_us":0,"staging_bytes":0,"detail":"external-pin-capture-fixture-required"}
I (3607) blip_led_qual: BLIP_LED_QUAL {"schema_version":1,"target":"esp32s3","backend":"lcd-i80","load":"idle","lanes":1,"pixels":512,"iterations":8,"supported":false,"encoder_us":0,"wall_us":0,"staging_bytes":0,"detail":"external-pin-capture-fixture-required"}
I (3607) blip_led_qual: BLIP_LED_QUAL {"schema_version":1,"target":"esp32s3","backend":"spi-multiline","load":"idle","lanes":1,"pixels":1024,"iterations":8,"supported":false,"encoder_us":0,"wall_us":0,"staging_bytes":0,"detail":"external-pin-capture-fixture-required"}
I (3607) blip_led_qual: BLIP_LED_QUAL {"schema_version":1,"target":"esp32s3","backend":"lcd-i80","load":"idle","lanes":1,"pixels":1024,"iterations":8,"supported":false,"encoder_us":0,"wall_us":0,"staging_bytes":0,"detail":"external-pin-capture-fixture-required"}
I (3617) blip_led_qual: BLIP_LED_QUAL {"schema_version":1,"target":"esp32s3","backend":"spi-multiline","load":"idle","lanes":2,"pixels":1,"iterations":8,"supported":false,"encoder_us":0,"wall_us":0,"staging_bytes":0,"detail":"external-pin-capture-fixture-required"}
I (3617) blip_led_qual: BLIP_LED_QUAL {"schema_version":1,"target":"esp32s3","backend":"lcd-i80","load":"idle","lanes":2,"pixels":1,"iterations":8,"supported":false,"encoder_us":0,"wall_us":0,"staging_bytes":0,"detail":"external-pin-capture-fixture-required"}
I (3617) blip_led_qual: BLIP_LED_QUAL {"schema_version":1,"target":"esp32s3","backend":"spi-multiline","load":"idle","lanes":2,"pixels":32,"iterations":8,"supported":false,"encoder_us":0,"wall_us":0,"staging_bytes":0,"detail":"external-pin-capture-fixture-required"}
I (3617) blip_led_qual: BLIP_LED_QUAL {"schema_version":1,"target":"esp32s3","backend":"lcd-i80","load":"idle","lanes":2,"pixels":32,"iterations":8,"supported":false,"encoder_us":0,"wall_us":0,"staging_bytes":0,"detail":"external-pin-capture-fixture-required"}
I (3617) blip_led_qual: BLIP_LED_QUAL {"schema_version":1,"target":"esp32s3","backend":"spi-multiline","load":"idle","lanes":2,"pixels":256,"iterations":8,"supported":false,"encoder_us":0,"wall_us":0,"staging_bytes":0,"detail":"external-pin-capture-fixture-required"}
I (3617) blip_led_qual: BLIP_LED_QUAL {"schema_version":1,"target":"esp32s3","backend":"lcd-i80","load":"idle","lanes":2,"pixels":256,"iterations":8,"supported":false,"encoder_us":0,"wall_us":0,"staging_bytes":0,"detail":"external-pin-capture-fixture-required"}
I (3617) blip_led_qual: BLIP_LED_QUAL {"schema_version":1,"target":"esp32s3","backend":"spi-multiline","load":"idle","lanes":2,"pixels":512,"iterations":8,"supported":false,"encoder_us":0,"wall_us":0,"staging_bytes":0,"detail":"external-pin-capture-fixture-required"}
I (3617) blip_led_qual: BLIP_LED_QUAL {"schema_version":1,"target":"esp32s3","backend":"lcd-i80","load":"idle","lanes":2,"pixels":512,"iterations":8,"supported":false,"encoder_us":0,"wall_us":0,"staging_bytes":0,"detail":"external-pin-capture-fixture-required"}
I (3617) blip_led_qual: BLIP_LED_QUAL {"schema_version":1,"target":"esp32s3","backend":"spi-multiline","load":"idle","lanes":2,"pixels":1024,"iterations":8,"supported":false,"encoder_us":0,"wall_us":0,"staging_bytes":0,"detail":"external-pin-capture-fixture-required"}
I (3617) blip_led_qual: BLIP_LED_QUAL {"schema_version":1,"target":"esp32s3","backend":"lcd-i80","load":"idle","lanes":2,"pixels":1024,"iterations":8,"supported":false,"encoder_us":0,"wall_us":0,"staging_bytes":0,"detail":"external-pin-capture-fixture-required"}
I (3617) blip_led_qual: BLIP_LED_QUAL {"schema_version":1,"target":"esp32s3","backend":"spi-multiline","load":"idle","lanes":4,"pixels":1,"iterations":8,"supported":false,"encoder_us":0,"wall_us":0,"staging_bytes":0,"detail":"external-pin-capture-fixture-required"}
I (3617) blip_led_qual: BLIP_LED_QUAL {"schema_version":1,"target":"esp32s3","backend":"lcd-i80","load":"idle","lanes":4,"pixels":1,"iterations":8,"supported":false,"encoder_us":0,"wall_us":0,"staging_bytes":0,"detail":"external-pin-capture-fixture-required"}
I (3627) blip_led_qual: BLIP_LED_QUAL {"schema_version":1,"target":"esp32s3","backend":"spi-multiline","load":"idle","lanes":4,"pixels":32,"iterations":8,"supported":false,"encoder_us":0,"wall_us":0,"staging_bytes":0,"detail":"external-pin-capture-fixture-required"}
I (3627) blip_led_qual: BLIP_LED_QUAL {"schema_version":1,"target":"esp32s3","backend":"lcd-i80","load":"idle","lanes":4,"pixels":32,"iterations":8,"supported":false,"encoder_us":0,"wall_us":0,"staging_bytes":0,"detail":"external-pin-capture-fixture-required"}
I (3627) blip_led_qual: BLIP_LED_QUAL {"schema_version":1,"target":"esp32s3","backend":"spi-multiline","load":"idle","lanes":4,"pixels":256,"iterations":8,"supported":false,"encoder_us":0,"wall_us":0,"staging_bytes":0,"detail":"external-pin-capture-fixture-required"}
I (3627) blip_led_qual: BLIP_LED_QUAL {"schema_version":1,"target":"esp32s3","backend":"lcd-i80","load":"idle","lanes":4,"pixels":256,"iterations":8,"supported":false,"encoder_us":0,"wall_us":0,"staging_bytes":0,"detail":"external-pin-capture-fixture-required"}
I (3627) blip_led_qual: BLIP_LED_QUAL {"schema_version":1,"target":"esp32s3","backend":"spi-multiline","load":"idle","lanes":4,"pixels":512,"iterations":8,"supported":false,"encoder_us":0,"wall_us":0,"staging_bytes":0,"detail":"external-pin-capture-fixture-required"}
I (3627) blip_led_qual: BLIP_LED_QUAL {"schema_version":1,"target":"esp32s3","backend":"lcd-i80","load":"idle","lanes":4,"pixels":512,"iterations":8,"supported":false,"encoder_us":0,"wall_us":0,"staging_bytes":0,"detail":"external-pin-capture-fixture-required"}
I (3627) blip_led_qual: BLIP_LED_QUAL {"schema_version":1,"target":"esp32s3","backend":"spi-multiline","load":"idle","lanes":4,"pixels":1024,"iterations":8,"supported":false,"encoder_us":0,"wall_us":0,"staging_bytes":0,"detail":"external-pin-capture-fixture-required"}
I (3627) blip_led_qual: BLIP_LED_QUAL {"schema_version":1,"target":"esp32s3","backend":"lcd-i80","load":"idle","lanes":4,"pixels":1024,"iterations":8,"supported":false,"encoder_us":0,"wall_us":0,"staging_bytes":0,"detail":"external-pin-capture-fixture-required"}
I (3627) blip_led_qual: BLIP_LED_QUAL {"schema_version":1,"target":"esp32s3","backend":"spi-multiline","load":"idle","lanes":8,"pixels":1,"iterations":8,"supported":false,"encoder_us":0,"wall_us":0,"staging_bytes":0,"detail":"external-pin-capture-fixture-required"}
I (3627) blip_led_qual: BLIP_LED_QUAL {"schema_version":1,"target":"esp32s3","backend":"lcd-i80","load":"idle","lanes":8,"pixels":1,"iterations":8,"supported":false,"encoder_us":0,"wall_us":0,"staging_bytes":0,"detail":"external-pin-capture-fixture-required"}
I (3627) blip_led_qual: BLIP_LED_QUAL {"schema_version":1,"target":"esp32s3","backend":"spi-multiline","load":"idle","lanes":8,"pixels":32,"iterations":8,"supported":false,"encoder_us":0,"wall_us":0,"staging_bytes":0,"detail":"external-pin-capture-fixture-required"}
I (3627) blip_led_qual: BLIP_LED_QUAL {"schema_version":1,"target":"esp32s3","backend":"lcd-i80","load":"idle","lanes":8,"pixels":32,"iterations":8,"supported":false,"encoder_us":0,"wall_us":0,"staging_bytes":0,"detail":"external-pin-capture-fixture-required"}
I (3627) blip_led_qual: BLIP_LED_QUAL {"schema_version":1,"target":"esp32s3","backend":"spi-multiline","load":"idle","lanes":8,"pixels":256,"iterations":8,"supported":false,"encoder_us":0,"wall_us":0,"staging_bytes":0,"detail":"external-pin-capture-fixture-required"}
I (3637) blip_led_qual: BLIP_LED_QUAL {"schema_version":1,"target":"esp32s3","backend":"lcd-i80","load":"idle","lanes":8,"pixels":256,"iterations":8,"supported":false,"encoder_us":0,"wall_us":0,"staging_bytes":0,"detail":"external-pin-capture-fixture-required"}
I (3637) blip_led_qual: BLIP_LED_QUAL {"schema_version":1,"target":"esp32s3","backend":"spi-multiline","load":"idle","lanes":8,"pixels":512,"iterations":8,"supported":false,"encoder_us":0,"wall_us":0,"staging_bytes":0,"detail":"external-pin-capture-fixture-required"}
I (3637) blip_led_qual: BLIP_LED_QUAL {"schema_version":1,"target":"esp32s3","backend":"lcd-i80","load":"idle","lanes":8,"pixels":512,"iterations":8,"supported":false,"encoder_us":0,"wall_us":0,"staging_bytes":0,"detail":"external-pin-capture-fixture-required"}
I (3637) blip_led_qual: BLIP_LED_QUAL {"schema_version":1,"target":"esp32s3","backend":"spi-multiline","load":"idle","lanes":8,"pixels":1024,"iterations":8,"supported":false,"encoder_us":0,"wall_us":0,"staging_bytes":0,"detail":"external-pin-capture-fixture-required"}
I (3637) blip_led_qual: BLIP_LED_QUAL {"schema_version":1,"target":"esp32s3","backend":"lcd-i80","load":"idle","lanes":8,"pixels":1024,"iterations":8,"supported":false,"encoder_us":0,"wall_us":0,"staging_bytes":0,"detail":"external-pin-capture-fixture-required"}
I (3637) blip_led_qual: BLIP_LED_QUAL {"schema_version":1,"target":"esp32s3","backend":"spi-multiline","load":"idle","lanes":16,"pixels":1,"iterations":8,"supported":false,"encoder_us":0,"wall_us":0,"staging_bytes":0,"detail":"external-pin-capture-fixture-required"}
I (3637) blip_led_qual: BLIP_LED_QUAL {"schema_version":1,"target":"esp32s3","backend":"lcd-i80","load":"idle","lanes":16,"pixels":1,"iterations":8,"supported":false,"encoder_us":0,"wall_us":0,"staging_bytes":0,"detail":"external-pin-capture-fixture-required"}
I (3637) blip_led_qual: BLIP_LED_QUAL {"schema_version":1,"target":"esp32s3","backend":"spi-multiline","load":"idle","lanes":16,"pixels":32,"iterations":8,"supported":false,"encoder_us":0,"wall_us":0,"staging_bytes":0,"detail":"external-pin-capture-fixture-required"}
I (3637) blip_led_qual: BLIP_LED_QUAL {"schema_version":1,"target":"esp32s3","backend":"lcd-i80","load":"idle","lanes":16,"pixels":32,"iterations":8,"supported":false,"encoder_us":0,"wall_us":0,"staging_bytes":0,"detail":"external-pin-capture-fixture-required"}
I (3637) blip_led_qual: BLIP_LED_QUAL {"schema_version":1,"target":"esp32s3","backend":"spi-multiline","load":"idle","lanes":16,"pixels":256,"iterations":8,"supported":false,"encoder_us":0,"wall_us":0,"staging_bytes":0,"detail":"external-pin-capture-fixture-required"}
I (3637) blip_led_qual: BLIP_LED_QUAL {"schema_version":1,"target":"esp32s3","backend":"lcd-i80","load":"idle","lanes":16,"pixels":256,"iterations":8,"supported":false,"encoder_us":0,"wall_us":0,"staging_bytes":0,"detail":"external-pin-capture-fixture-required"}
I (3637) blip_led_qual: BLIP_LED_QUAL {"schema_version":1,"target":"esp32s3","backend":"spi-multiline","load":"idle","lanes":16,"pixels":512,"iterations":8,"supported":false,"encoder_us":0,"wall_us":0,"staging_bytes":0,"detail":"external-pin-capture-fixture-required"}
I (3647) blip_led_qual: BLIP_LED_QUAL {"schema_version":1,"target":"esp32s3","backend":"lcd-i80","load":"idle","lanes":16,"pixels":512,"iterations":8,"supported":false,"encoder_us":0,"wall_us":0,"staging_bytes":0,"detail":"external-pin-capture-fixture-required"}
I (3647) blip_led_qual: BLIP_LED_QUAL {"schema_version":1,"target":"esp32s3","backend":"spi-multiline","load":"idle","lanes":16,"pixels":1024,"iterations":8,"supported":false,"encoder_us":0,"wall_us":0,"staging_bytes":0,"detail":"external-pin-capture-fixture-required"}
I (3647) blip_led_qual: BLIP_LED_QUAL {"schema_version":1,"target":"esp32s3","backend":"lcd-i80","load":"idle","lanes":16,"pixels":1024,"iterations":8,"supported":false,"encoder_us":0,"wall_us":0,"staging_bytes":0,"detail":"external-pin-capture-fixture-required"}
I (3647) blip_led_qual: BLIP_LED_QUAL_DONE target=esp32s3 heap=364072

# target=esp32c6 port=COM8
I (1091) blip_led_qual: BLIP_LED_QUAL_BEGIN target=esp32c6 idf=v6.0.2 rmt_gpio=20 spi_data_gpio=19 spi_clock_gpio=18 heap=439752
I (1091) blip_led_qual: BLIP_LED_QUAL {"schema_version":1,"target":"esp32c6","backend":"rmt","load":"idle","lanes":1,"pixels":1,"iterations":8,"supported":true,"encoder_us":0,"wall_us":519,"staging_bytes":0,"detail":"completed"}
I (1101) blip_led_qual: BLIP_LED_QUAL {"schema_version":1,"target":"esp32c6","backend":"rmt","load":"idle","lanes":1,"pixels":32,"iterations":8,"supported":true,"encoder_us":0,"wall_us":8238,"staging_bytes":0,"detail":"completed"}
I (1161) blip_led_qual: BLIP_LED_QUAL {"schema_version":1,"target":"esp32c6","backend":"rmt","load":"idle","lanes":1,"pixels":256,"iterations":8,"supported":true,"encoder_us":0,"wall_us":64147,"staging_bytes":0,"detail":"completed"}
I (1291) blip_led_qual: BLIP_LED_QUAL {"schema_version":1,"target":"esp32c6","backend":"rmt","load":"idle","lanes":1,"pixels":512,"iterations":8,"supported":true,"encoder_us":0,"wall_us":128045,"staging_bytes":0,"detail":"completed"}
I (1551) blip_led_qual: BLIP_LED_QUAL {"schema_version":1,"target":"esp32c6","backend":"rmt","load":"idle","lanes":1,"pixels":1024,"iterations":8,"supported":true,"encoder_us":0,"wall_us":255841,"staging_bytes":0,"detail":"completed"}
I (1551) blip_led_qual: BLIP_LED_QUAL {"schema_version":1,"target":"esp32c6","backend":"rmt","load":"idle","lanes":2,"pixels":1,"iterations":8,"supported":true,"encoder_us":0,"wall_us":645,"staging_bytes":0,"detail":"completed"}
I (1561) blip_led_qual: BLIP_LED_QUAL {"schema_version":1,"target":"esp32c6","backend":"rmt","load":"idle","lanes":2,"pixels":32,"iterations":8,"supported":true,"encoder_us":0,"wall_us":8414,"staging_bytes":0,"detail":"completed"}
I (1621) blip_led_qual: BLIP_LED_QUAL {"schema_version":1,"target":"esp32c6","backend":"rmt","load":"idle","lanes":2,"pixels":256,"iterations":8,"supported":true,"encoder_us":0,"wall_us":64323,"staging_bytes":0,"detail":"completed"}
I (1751) blip_led_qual: BLIP_LED_QUAL {"schema_version":1,"target":"esp32c6","backend":"rmt","load":"idle","lanes":2,"pixels":512,"iterations":8,"supported":true,"encoder_us":0,"wall_us":128220,"staging_bytes":0,"detail":"completed"}
I (2011) blip_led_qual: BLIP_LED_QUAL {"schema_version":1,"target":"esp32c6","backend":"rmt","load":"idle","lanes":2,"pixels":1024,"iterations":8,"supported":true,"encoder_us":0,"wall_us":256017,"staging_bytes":0,"detail":"completed"}
I (2011) blip_led_qual: BLIP_LED_QUAL {"schema_version":1,"target":"esp32c6","backend":"rmt","load":"idle","lanes":4,"pixels":1,"iterations":8,"supported":false,"encoder_us":0,"wall_us":0,"staging_bytes":0,"detail":"lane-allocation-failed"}
I (2011) blip_led_qual: BLIP_LED_QUAL {"schema_version":1,"target":"esp32c6","backend":"rmt","load":"idle","lanes":4,"pixels":32,"iterations":8,"supported":false,"encoder_us":0,"wall_us":0,"staging_bytes":0,"detail":"lane-allocation-failed"}
I (2011) blip_led_qual: BLIP_LED_QUAL {"schema_version":1,"target":"esp32c6","backend":"rmt","load":"idle","lanes":4,"pixels":256,"iterations":8,"supported":false,"encoder_us":0,"wall_us":0,"staging_bytes":0,"detail":"lane-allocation-failed"}
I (2011) blip_led_qual: BLIP_LED_QUAL {"schema_version":1,"target":"esp32c6","backend":"rmt","load":"idle","lanes":4,"pixels":512,"iterations":8,"supported":false,"encoder_us":0,"wall_us":0,"staging_bytes":0,"detail":"lane-allocation-failed"}
I (2011) blip_led_qual: BLIP_LED_QUAL {"schema_version":1,"target":"esp32c6","backend":"rmt","load":"idle","lanes":4,"pixels":1024,"iterations":8,"supported":false,"encoder_us":0,"wall_us":0,"staging_bytes":0,"detail":"lane-allocation-failed"}
I (2011) blip_led_qual: BLIP_LED_QUAL {"schema_version":1,"target":"esp32c6","backend":"rmt","load":"idle","lanes":8,"pixels":1,"iterations":8,"supported":false,"encoder_us":0,"wall_us":0,"staging_bytes":0,"detail":"lane-allocation-failed"}
I (2011) blip_led_qual: BLIP_LED_QUAL {"schema_version":1,"target":"esp32c6","backend":"rmt","load":"idle","lanes":8,"pixels":32,"iterations":8,"supported":false,"encoder_us":0,"wall_us":0,"staging_bytes":0,"detail":"lane-allocation-failed"}
I (2011) blip_led_qual: BLIP_LED_QUAL {"schema_version":1,"target":"esp32c6","backend":"rmt","load":"idle","lanes":8,"pixels":256,"iterations":8,"supported":false,"encoder_us":0,"wall_us":0,"staging_bytes":0,"detail":"lane-allocation-failed"}
I (2021) blip_led_qual: BLIP_LED_QUAL {"schema_version":1,"target":"esp32c6","backend":"rmt","load":"idle","lanes":8,"pixels":512,"iterations":8,"supported":false,"encoder_us":0,"wall_us":0,"staging_bytes":0,"detail":"lane-allocation-failed"}
I (2021) blip_led_qual: BLIP_LED_QUAL {"schema_version":1,"target":"esp32c6","backend":"rmt","load":"idle","lanes":8,"pixels":1024,"iterations":8,"supported":false,"encoder_us":0,"wall_us":0,"staging_bytes":0,"detail":"lane-allocation-failed"}
I (2021) blip_led_qual: BLIP_LED_QUAL {"schema_version":1,"target":"esp32c6","backend":"rmt","load":"idle","lanes":16,"pixels":1,"iterations":8,"supported":false,"encoder_us":0,"wall_us":0,"staging_bytes":0,"detail":"lane-allocation-failed"}
I (2021) blip_led_qual: BLIP_LED_QUAL {"schema_version":1,"target":"esp32c6","backend":"rmt","load":"idle","lanes":16,"pixels":32,"iterations":8,"supported":false,"encoder_us":0,"wall_us":0,"staging_bytes":0,"detail":"lane-allocation-failed"}
I (2021) blip_led_qual: BLIP_LED_QUAL {"schema_version":1,"target":"esp32c6","backend":"rmt","load":"idle","lanes":16,"pixels":256,"iterations":8,"supported":false,"encoder_us":0,"wall_us":0,"staging_bytes":0,"detail":"lane-allocation-failed"}
I (2021) blip_led_qual: BLIP_LED_QUAL {"schema_version":1,"target":"esp32c6","backend":"rmt","load":"idle","lanes":16,"pixels":512,"iterations":8,"supported":false,"encoder_us":0,"wall_us":0,"staging_bytes":0,"detail":"lane-allocation-failed"}
I (2021) blip_led_qual: BLIP_LED_QUAL {"schema_version":1,"target":"esp32c6","backend":"rmt","load":"idle","lanes":16,"pixels":1024,"iterations":8,"supported":false,"encoder_us":0,"wall_us":0,"staging_bytes":0,"detail":"lane-allocation-failed"}
I (2021) blip_led_qual: BLIP_LED_QUAL {"schema_version":1,"target":"esp32c6","backend":"rmt-dma","load":"idle","lanes":1,"pixels":1,"iterations":8,"supported":false,"encoder_us":0,"wall_us":0,"staging_bytes":0,"detail":"soc-no-rmt-dma"}
I (2021) blip_led_qual: BLIP_LED_QUAL {"schema_version":1,"target":"esp32c6","backend":"rmt-dma","load":"idle","lanes":1,"pixels":32,"iterations":8,"supported":false,"encoder_us":0,"wall_us":0,"staging_bytes":0,"detail":"soc-no-rmt-dma"}
I (2021) blip_led_qual: BLIP_LED_QUAL {"schema_version":1,"target":"esp32c6","backend":"rmt-dma","load":"idle","lanes":1,"pixels":256,"iterations":8,"supported":false,"encoder_us":0,"wall_us":0,"staging_bytes":0,"detail":"soc-no-rmt-dma"}
I (2021) blip_led_qual: BLIP_LED_QUAL {"schema_version":1,"target":"esp32c6","backend":"rmt-dma","load":"idle","lanes":1,"pixels":512,"iterations":8,"supported":false,"encoder_us":0,"wall_us":0,"staging_bytes":0,"detail":"soc-no-rmt-dma"}
I (2021) blip_led_qual: BLIP_LED_QUAL {"schema_version":1,"target":"esp32c6","backend":"rmt-dma","load":"idle","lanes":1,"pixels":1024,"iterations":8,"supported":false,"encoder_us":0,"wall_us":0,"staging_bytes":0,"detail":"soc-no-rmt-dma"}
I (2021) blip_led_qual: BLIP_LED_QUAL {"schema_version":1,"target":"esp32c6","backend":"rmt-dma","load":"idle","lanes":2,"pixels":1,"iterations":8,"supported":false,"encoder_us":0,"wall_us":0,"staging_bytes":0,"detail":"soc-no-rmt-dma"}
I (2031) blip_led_qual: BLIP_LED_QUAL {"schema_version":1,"target":"esp32c6","backend":"rmt-dma","load":"idle","lanes":2,"pixels":32,"iterations":8,"supported":false,"encoder_us":0,"wall_us":0,"staging_bytes":0,"detail":"soc-no-rmt-dma"}
I (2031) blip_led_qual: BLIP_LED_QUAL {"schema_version":1,"target":"esp32c6","backend":"rmt-dma","load":"idle","lanes":2,"pixels":256,"iterations":8,"supported":false,"encoder_us":0,"wall_us":0,"staging_bytes":0,"detail":"soc-no-rmt-dma"}
I (2031) blip_led_qual: BLIP_LED_QUAL {"schema_version":1,"target":"esp32c6","backend":"rmt-dma","load":"idle","lanes":2,"pixels":512,"iterations":8,"supported":false,"encoder_us":0,"wall_us":0,"staging_bytes":0,"detail":"soc-no-rmt-dma"}
I (2031) blip_led_qual: BLIP_LED_QUAL {"schema_version":1,"target":"esp32c6","backend":"rmt-dma","load":"idle","lanes":2,"pixels":1024,"iterations":8,"supported":false,"encoder_us":0,"wall_us":0,"staging_bytes":0,"detail":"soc-no-rmt-dma"}
I (2031) blip_led_qual: BLIP_LED_QUAL {"schema_version":1,"target":"esp32c6","backend":"rmt-dma","load":"idle","lanes":4,"pixels":1,"iterations":8,"supported":false,"encoder_us":0,"wall_us":0,"staging_bytes":0,"detail":"soc-no-rmt-dma"}
I (2031) blip_led_qual: BLIP_LED_QUAL {"schema_version":1,"target":"esp32c6","backend":"rmt-dma","load":"idle","lanes":4,"pixels":32,"iterations":8,"supported":false,"encoder_us":0,"wall_us":0,"staging_bytes":0,"detail":"soc-no-rmt-dma"}
I (2031) blip_led_qual: BLIP_LED_QUAL {"schema_version":1,"target":"esp32c6","backend":"rmt-dma","load":"idle","lanes":4,"pixels":256,"iterations":8,"supported":false,"encoder_us":0,"wall_us":0,"staging_bytes":0,"detail":"soc-no-rmt-dma"}
I (2031) blip_led_qual: BLIP_LED_QUAL {"schema_version":1,"target":"esp32c6","backend":"rmt-dma","load":"idle","lanes":4,"pixels":512,"iterations":8,"supported":false,"encoder_us":0,"wall_us":0,"staging_bytes":0,"detail":"soc-no-rmt-dma"}
I (2031) blip_led_qual: BLIP_LED_QUAL {"schema_version":1,"target":"esp32c6","backend":"rmt-dma","load":"idle","lanes":4,"pixels":1024,"iterations":8,"supported":false,"encoder_us":0,"wall_us":0,"staging_bytes":0,"detail":"soc-no-rmt-dma"}
I (2031) blip_led_qual: BLIP_LED_QUAL {"schema_version":1,"target":"esp32c6","backend":"rmt-dma","load":"idle","lanes":8,"pixels":1,"iterations":8,"supported":false,"encoder_us":0,"wall_us":0,"staging_bytes":0,"detail":"soc-no-rmt-dma"}
I (2031) blip_led_qual: BLIP_LED_QUAL {"schema_version":1,"target":"esp32c6","backend":"rmt-dma","load":"idle","lanes":8,"pixels":32,"iterations":8,"supported":false,"encoder_us":0,"wall_us":0,"staging_bytes":0,"detail":"soc-no-rmt-dma"}
I (2031) blip_led_qual: BLIP_LED_QUAL {"schema_version":1,"target":"esp32c6","backend":"rmt-dma","load":"idle","lanes":8,"pixels":256,"iterations":8,"supported":false,"encoder_us":0,"wall_us":0,"staging_bytes":0,"detail":"soc-no-rmt-dma"}
I (2031) blip_led_qual: BLIP_LED_QUAL {"schema_version":1,"target":"esp32c6","backend":"rmt-dma","load":"idle","lanes":8,"pixels":512,"iterations":8,"supported":false,"encoder_us":0,"wall_us":0,"staging_bytes":0,"detail":"soc-no-rmt-dma"}
I (2031) blip_led_qual: BLIP_LED_QUAL {"schema_version":1,"target":"esp32c6","backend":"rmt-dma","load":"idle","lanes":8,"pixels":1024,"iterations":8,"supported":false,"encoder_us":0,"wall_us":0,"staging_bytes":0,"detail":"soc-no-rmt-dma"}
I (2031) blip_led_qual: BLIP_LED_QUAL {"schema_version":1,"target":"esp32c6","backend":"rmt-dma","load":"idle","lanes":16,"pixels":1,"iterations":8,"supported":false,"encoder_us":0,"wall_us":0,"staging_bytes":0,"detail":"soc-no-rmt-dma"}
I (2041) blip_led_qual: BLIP_LED_QUAL {"schema_version":1,"target":"esp32c6","backend":"rmt-dma","load":"idle","lanes":16,"pixels":32,"iterations":8,"supported":false,"encoder_us":0,"wall_us":0,"staging_bytes":0,"detail":"soc-no-rmt-dma"}
I (2041) blip_led_qual: BLIP_LED_QUAL {"schema_version":1,"target":"esp32c6","backend":"rmt-dma","load":"idle","lanes":16,"pixels":256,"iterations":8,"supported":false,"encoder_us":0,"wall_us":0,"staging_bytes":0,"detail":"soc-no-rmt-dma"}
I (2041) blip_led_qual: BLIP_LED_QUAL {"schema_version":1,"target":"esp32c6","backend":"rmt-dma","load":"idle","lanes":16,"pixels":512,"iterations":8,"supported":false,"encoder_us":0,"wall_us":0,"staging_bytes":0,"detail":"soc-no-rmt-dma"}
I (2041) blip_led_qual: BLIP_LED_QUAL {"schema_version":1,"target":"esp32c6","backend":"rmt-dma","load":"idle","lanes":16,"pixels":1024,"iterations":8,"supported":false,"encoder_us":0,"wall_us":0,"staging_bytes":0,"detail":"soc-no-rmt-dma"}
I (2041) blip_led_qual: BLIP_LED_QUAL {"schema_version":1,"target":"esp32c6","backend":"spi-waveform","load":"idle","lanes":1,"pixels":1,"iterations":8,"supported":true,"encoder_us":36,"wall_us":386,"staging_bytes":9,"detail":"completed"}
I (2041) blip_led_qual: BLIP_LED_QUAL {"schema_version":1,"target":"esp32c6","backend":"spi-waveform","load":"idle","lanes":1,"pixels":32,"iterations":8,"supported":false,"encoder_us":761,"wall_us":291,"staging_bytes":288,"detail":"tx-failed"}
I (2051) blip_led_qual: BLIP_LED_QUAL {"schema_version":1,"target":"esp32c6","backend":"spi-waveform","load":"idle","lanes":1,"pixels":256,"iterations":8,"supported":false,"encoder_us":6077,"wall_us":287,"staging_bytes":2304,"detail":"tx-failed"}
I (2061) blip_led_qual: BLIP_LED_QUAL {"schema_version":1,"target":"esp32c6","backend":"spi-waveform","load":"idle","lanes":1,"pixels":512,"iterations":8,"supported":false,"encoder_us":12144,"wall_us":286,"staging_bytes":4608,"detail":"tx-failed"}
I (2091) blip_led_qual: BLIP_LED_QUAL {"schema_version":1,"target":"esp32c6","backend":"spi-waveform","load":"idle","lanes":1,"pixels":1024,"iterations":8,"supported":false,"encoder_us":24294,"wall_us":287,"staging_bytes":9216,"detail":"tx-failed"}
I (2091) blip_led_qual: BLIP_LED_QUAL {"schema_version":1,"target":"esp32c6","backend":"spi-waveform-dma","load":"idle","lanes":1,"pixels":1,"iterations":8,"supported":true,"encoder_us":26,"wall_us":416,"staging_bytes":9,"detail":"completed"}
I (2101) blip_led_qual: BLIP_LED_QUAL {"schema_version":1,"target":"esp32c6","backend":"spi-waveform-dma","load":"idle","lanes":1,"pixels":32,"iterations":8,"supported":true,"encoder_us":761,"wall_us":7773,"staging_bytes":288,"detail":"completed"}
I (2171) blip_led_qual: BLIP_LED_QUAL {"schema_version":1,"target":"esp32c6","backend":"spi-waveform-dma","load":"idle","lanes":1,"pixels":256,"iterations":8,"supported":true,"encoder_us":6070,"wall_us":60995,"staging_bytes":2304,"detail":"completed"}
I (2301) blip_led_qual: BLIP_LED_QUAL {"schema_version":1,"target":"esp32c6","backend":"spi-waveform-dma","load":"idle","lanes":1,"pixels":512,"iterations":8,"supported":true,"encoder_us":12144,"wall_us":121824,"staging_bytes":4608,"detail":"completed"}
I (2571) blip_led_qual: BLIP_LED_QUAL {"schema_version":1,"target":"esp32c6","backend":"spi-waveform-dma","load":"idle","lanes":1,"pixels":1024,"iterations":8,"supported":true,"encoder_us":24293,"wall_us":243478,"staging_bytes":9216,"detail":"completed"}
I (2571) blip_led_qual: BLIP_LED_QUAL {"schema_version":1,"target":"esp32c6","backend":"spi-clocked","load":"idle","lanes":1,"pixels":1,"iterations":8,"supported":true,"encoder_us":17,"wall_us":236,"staging_bytes":9,"detail":"completed"}
I (2571) blip_led_qual: BLIP_LED_QUAL {"schema_version":1,"target":"esp32c6","backend":"spi-clocked","load":"idle","lanes":1,"pixels":32,"iterations":8,"supported":true,"encoder_us":57,"wall_us":1020,"staging_bytes":134,"detail":"completed"}
I (2581) blip_led_qual: BLIP_LED_QUAL {"schema_version":1,"target":"esp32c6","backend":"spi-clocked","load":"idle","lanes":1,"pixels":256,"iterations":8,"supported":true,"encoder_us":422,"wall_us":6844,"staging_bytes":1044,"detail":"completed"}
I (2601) blip_led_qual: BLIP_LED_QUAL {"schema_version":1,"target":"esp32c6","backend":"spi-clocked","load":"idle","lanes":1,"pixels":512,"iterations":8,"supported":true,"encoder_us":838,"wall_us":13501,"staging_bytes":2084,"detail":"completed"}
I (2621) blip_led_qual: BLIP_LED_QUAL {"schema_version":1,"target":"esp32c6","backend":"spi-clocked","load":"idle","lanes":1,"pixels":1024,"iterations":8,"supported":true,"encoder_us":1672,"wall_us":26815,"staging_bytes":4164,"detail":"completed"}
I (2631) blip_led_qual: BLIP_LED_QUAL {"schema_version":1,"target":"esp32c6","backend":"spi-multiline","load":"idle","lanes":1,"pixels":1,"iterations":8,"supported":false,"encoder_us":0,"wall_us":0,"staging_bytes":0,"detail":"external-pin-capture-fixture-required"}
I (2631) blip_led_qual: BLIP_LED_QUAL {"schema_version":1,"target":"esp32c6","backend":"parlio","load":"idle","lanes":1,"pixels":1,"iterations":8,"supported":false,"encoder_us":0,"wall_us":0,"staging_bytes":0,"detail":"external-pin-capture-fixture-required"}
I (2631) blip_led_qual: BLIP_LED_QUAL {"schema_version":1,"target":"esp32c6","backend":"spi-multiline","load":"idle","lanes":1,"pixels":32,"iterations":8,"supported":false,"encoder_us":0,"wall_us":0,"staging_bytes":0,"detail":"external-pin-capture-fixture-required"}
I (2631) blip_led_qual: BLIP_LED_QUAL {"schema_version":1,"target":"esp32c6","backend":"parlio","load":"idle","lanes":1,"pixels":32,"iterations":8,"supported":false,"encoder_us":0,"wall_us":0,"staging_bytes":0,"detail":"external-pin-capture-fixture-required"}
I (2631) blip_led_qual: BLIP_LED_QUAL {"schema_version":1,"target":"esp32c6","backend":"spi-multiline","load":"idle","lanes":1,"pixels":256,"iterations":8,"supported":false,"encoder_us":0,"wall_us":0,"staging_bytes":0,"detail":"external-pin-capture-fixture-required"}
I (2631) blip_led_qual: BLIP_LED_QUAL {"schema_version":1,"target":"esp32c6","backend":"parlio","load":"idle","lanes":1,"pixels":256,"iterations":8,"supported":false,"encoder_us":0,"wall_us":0,"staging_bytes":0,"detail":"external-pin-capture-fixture-required"}
I (2631) blip_led_qual: BLIP_LED_QUAL {"schema_version":1,"target":"esp32c6","backend":"spi-multiline","load":"idle","lanes":1,"pixels":512,"iterations":8,"supported":false,"encoder_us":0,"wall_us":0,"staging_bytes":0,"detail":"external-pin-capture-fixture-required"}
I (2631) blip_led_qual: BLIP_LED_QUAL {"schema_version":1,"target":"esp32c6","backend":"parlio","load":"idle","lanes":1,"pixels":512,"iterations":8,"supported":false,"encoder_us":0,"wall_us":0,"staging_bytes":0,"detail":"external-pin-capture-fixture-required"}
I (2631) blip_led_qual: BLIP_LED_QUAL {"schema_version":1,"target":"esp32c6","backend":"spi-multiline","load":"idle","lanes":1,"pixels":1024,"iterations":8,"supported":false,"encoder_us":0,"wall_us":0,"staging_bytes":0,"detail":"external-pin-capture-fixture-required"}
I (2631) blip_led_qual: BLIP_LED_QUAL {"schema_version":1,"target":"esp32c6","backend":"parlio","load":"idle","lanes":1,"pixels":1024,"iterations":8,"supported":false,"encoder_us":0,"wall_us":0,"staging_bytes":0,"detail":"external-pin-capture-fixture-required"}
I (2631) blip_led_qual: BLIP_LED_QUAL {"schema_version":1,"target":"esp32c6","backend":"spi-multiline","load":"idle","lanes":2,"pixels":1,"iterations":8,"supported":false,"encoder_us":0,"wall_us":0,"staging_bytes":0,"detail":"external-pin-capture-fixture-required"}
I (2631) blip_led_qual: BLIP_LED_QUAL {"schema_version":1,"target":"esp32c6","backend":"parlio","load":"idle","lanes":2,"pixels":1,"iterations":8,"supported":false,"encoder_us":0,"wall_us":0,"staging_bytes":0,"detail":"external-pin-capture-fixture-required"}
I (2631) blip_led_qual: BLIP_LED_QUAL {"schema_version":1,"target":"esp32c6","backend":"spi-multiline","load":"idle","lanes":2,"pixels":32,"iterations":8,"supported":false,"encoder_us":0,"wall_us":0,"staging_bytes":0,"detail":"external-pin-capture-fixture-required"}
I (2641) blip_led_qual: BLIP_LED_QUAL {"schema_version":1,"target":"esp32c6","backend":"parlio","load":"idle","lanes":2,"pixels":32,"iterations":8,"supported":false,"encoder_us":0,"wall_us":0,"staging_bytes":0,"detail":"external-pin-capture-fixture-required"}
I (2641) blip_led_qual: BLIP_LED_QUAL {"schema_version":1,"target":"esp32c6","backend":"spi-multiline","load":"idle","lanes":2,"pixels":256,"iterations":8,"supported":false,"encoder_us":0,"wall_us":0,"staging_bytes":0,"detail":"external-pin-capture-fixture-required"}
I (2641) blip_led_qual: BLIP_LED_QUAL {"schema_version":1,"target":"esp32c6","backend":"parlio","load":"idle","lanes":2,"pixels":256,"iterations":8,"supported":false,"encoder_us":0,"wall_us":0,"staging_bytes":0,"detail":"external-pin-capture-fixture-required"}
I (2641) blip_led_qual: BLIP_LED_QUAL {"schema_version":1,"target":"esp32c6","backend":"spi-multiline","load":"idle","lanes":2,"pixels":512,"iterations":8,"supported":false,"encoder_us":0,"wall_us":0,"staging_bytes":0,"detail":"external-pin-capture-fixture-required"}
I (2641) blip_led_qual: BLIP_LED_QUAL {"schema_version":1,"target":"esp32c6","backend":"parlio","load":"idle","lanes":2,"pixels":512,"iterations":8,"supported":false,"encoder_us":0,"wall_us":0,"staging_bytes":0,"detail":"external-pin-capture-fixture-required"}
I (2641) blip_led_qual: BLIP_LED_QUAL {"schema_version":1,"target":"esp32c6","backend":"spi-multiline","load":"idle","lanes":2,"pixels":1024,"iterations":8,"supported":false,"encoder_us":0,"wall_us":0,"staging_bytes":0,"detail":"external-pin-capture-fixture-required"}
I (2641) blip_led_qual: BLIP_LED_QUAL {"schema_version":1,"target":"esp32c6","backend":"parlio","load":"idle","lanes":2,"pixels":1024,"iterations":8,"supported":false,"encoder_us":0,"wall_us":0,"staging_bytes":0,"detail":"external-pin-capture-fixture-required"}
I (2641) blip_led_qual: BLIP_LED_QUAL {"schema_version":1,"target":"esp32c6","backend":"spi-multiline","load":"idle","lanes":4,"pixels":1,"iterations":8,"supported":false,"encoder_us":0,"wall_us":0,"staging_bytes":0,"detail":"external-pin-capture-fixture-required"}
I (2641) blip_led_qual: BLIP_LED_QUAL {"schema_version":1,"target":"esp32c6","backend":"parlio","load":"idle","lanes":4,"pixels":1,"iterations":8,"supported":false,"encoder_us":0,"wall_us":0,"staging_bytes":0,"detail":"external-pin-capture-fixture-required"}
I (2641) blip_led_qual: BLIP_LED_QUAL {"schema_version":1,"target":"esp32c6","backend":"spi-multiline","load":"idle","lanes":4,"pixels":32,"iterations":8,"supported":false,"encoder_us":0,"wall_us":0,"staging_bytes":0,"detail":"external-pin-capture-fixture-required"}
I (2641) blip_led_qual: BLIP_LED_QUAL {"schema_version":1,"target":"esp32c6","backend":"parlio","load":"idle","lanes":4,"pixels":32,"iterations":8,"supported":false,"encoder_us":0,"wall_us":0,"staging_bytes":0,"detail":"external-pin-capture-fixture-required"}
I (2641) blip_led_qual: BLIP_LED_QUAL {"schema_version":1,"target":"esp32c6","backend":"spi-multiline","load":"idle","lanes":4,"pixels":256,"iterations":8,"supported":false,"encoder_us":0,"wall_us":0,"staging_bytes":0,"detail":"external-pin-capture-fixture-required"}
I (2641) blip_led_qual: BLIP_LED_QUAL {"schema_version":1,"target":"esp32c6","backend":"parlio","load":"idle","lanes":4,"pixels":256,"iterations":8,"supported":false,"encoder_us":0,"wall_us":0,"staging_bytes":0,"detail":"external-pin-capture-fixture-required"}
I (2651) blip_led_qual: BLIP_LED_QUAL {"schema_version":1,"target":"esp32c6","backend":"spi-multiline","load":"idle","lanes":4,"pixels":512,"iterations":8,"supported":false,"encoder_us":0,"wall_us":0,"staging_bytes":0,"detail":"external-pin-capture-fixture-required"}
I (2651) blip_led_qual: BLIP_LED_QUAL {"schema_version":1,"target":"esp32c6","backend":"parlio","load":"idle","lanes":4,"pixels":512,"iterations":8,"supported":false,"encoder_us":0,"wall_us":0,"staging_bytes":0,"detail":"external-pin-capture-fixture-required"}
I (2651) blip_led_qual: BLIP_LED_QUAL {"schema_version":1,"target":"esp32c6","backend":"spi-multiline","load":"idle","lanes":4,"pixels":1024,"iterations":8,"supported":false,"encoder_us":0,"wall_us":0,"staging_bytes":0,"detail":"external-pin-capture-fixture-required"}
I (2651) blip_led_qual: BLIP_LED_QUAL {"schema_version":1,"target":"esp32c6","backend":"parlio","load":"idle","lanes":4,"pixels":1024,"iterations":8,"supported":false,"encoder_us":0,"wall_us":0,"staging_bytes":0,"detail":"external-pin-capture-fixture-required"}
I (2651) blip_led_qual: BLIP_LED_QUAL {"schema_version":1,"target":"esp32c6","backend":"spi-multiline","load":"idle","lanes":8,"pixels":1,"iterations":8,"supported":false,"encoder_us":0,"wall_us":0,"staging_bytes":0,"detail":"external-pin-capture-fixture-required"}
I (2651) blip_led_qual: BLIP_LED_QUAL {"schema_version":1,"target":"esp32c6","backend":"parlio","load":"idle","lanes":8,"pixels":1,"iterations":8,"supported":false,"encoder_us":0,"wall_us":0,"staging_bytes":0,"detail":"external-pin-capture-fixture-required"}
I (2651) blip_led_qual: BLIP_LED_QUAL {"schema_version":1,"target":"esp32c6","backend":"spi-multiline","load":"idle","lanes":8,"pixels":32,"iterations":8,"supported":false,"encoder_us":0,"wall_us":0,"staging_bytes":0,"detail":"external-pin-capture-fixture-required"}
I (2651) blip_led_qual: BLIP_LED_QUAL {"schema_version":1,"target":"esp32c6","backend":"parlio","load":"idle","lanes":8,"pixels":32,"iterations":8,"supported":false,"encoder_us":0,"wall_us":0,"staging_bytes":0,"detail":"external-pin-capture-fixture-required"}
I (2651) blip_led_qual: BLIP_LED_QUAL {"schema_version":1,"target":"esp32c6","backend":"spi-multiline","load":"idle","lanes":8,"pixels":256,"iterations":8,"supported":false,"encoder_us":0,"wall_us":0,"staging_bytes":0,"detail":"external-pin-capture-fixture-required"}
I (2651) blip_led_qual: BLIP_LED_QUAL {"schema_version":1,"target":"esp32c6","backend":"parlio","load":"idle","lanes":8,"pixels":256,"iterations":8,"supported":false,"encoder_us":0,"wall_us":0,"staging_bytes":0,"detail":"external-pin-capture-fixture-required"}
I (2651) blip_led_qual: BLIP_LED_QUAL {"schema_version":1,"target":"esp32c6","backend":"spi-multiline","load":"idle","lanes":8,"pixels":512,"iterations":8,"supported":false,"encoder_us":0,"wall_us":0,"staging_bytes":0,"detail":"external-pin-capture-fixture-required"}
I (2651) blip_led_qual: BLIP_LED_QUAL {"schema_version":1,"target":"esp32c6","backend":"parlio","load":"idle","lanes":8,"pixels":512,"iterations":8,"supported":false,"encoder_us":0,"wall_us":0,"staging_bytes":0,"detail":"external-pin-capture-fixture-required"}
I (2651) blip_led_qual: BLIP_LED_QUAL {"schema_version":1,"target":"esp32c6","backend":"spi-multiline","load":"idle","lanes":8,"pixels":1024,"iterations":8,"supported":false,"encoder_us":0,"wall_us":0,"staging_bytes":0,"detail":"external-pin-capture-fixture-required"}
I (2661) blip_led_qual: BLIP_LED_QUAL {"schema_version":1,"target":"esp32c6","backend":"parlio","load":"idle","lanes":8,"pixels":1024,"iterations":8,"supported":false,"encoder_us":0,"wall_us":0,"staging_bytes":0,"detail":"external-pin-capture-fixture-required"}
I (2661) blip_led_qual: BLIP_LED_QUAL {"schema_version":1,"target":"esp32c6","backend":"spi-multiline","load":"idle","lanes":16,"pixels":1,"iterations":8,"supported":false,"encoder_us":0,"wall_us":0,"staging_bytes":0,"detail":"external-pin-capture-fixture-required"}
I (2661) blip_led_qual: BLIP_LED_QUAL {"schema_version":1,"target":"esp32c6","backend":"parlio","load":"idle","lanes":16,"pixels":1,"iterations":8,"supported":false,"encoder_us":0,"wall_us":0,"staging_bytes":0,"detail":"external-pin-capture-fixture-required"}
I (2661) blip_led_qual: BLIP_LED_QUAL {"schema_version":1,"target":"esp32c6","backend":"spi-multiline","load":"idle","lanes":16,"pixels":32,"iterations":8,"supported":false,"encoder_us":0,"wall_us":0,"staging_bytes":0,"detail":"external-pin-capture-fixture-required"}
I (2661) blip_led_qual: BLIP_LED_QUAL {"schema_version":1,"target":"esp32c6","backend":"parlio","load":"idle","lanes":16,"pixels":32,"iterations":8,"supported":false,"encoder_us":0,"wall_us":0,"staging_bytes":0,"detail":"external-pin-capture-fixture-required"}
I (2661) blip_led_qual: BLIP_LED_QUAL {"schema_version":1,"target":"esp32c6","backend":"spi-multiline","load":"idle","lanes":16,"pixels":256,"iterations":8,"supported":false,"encoder_us":0,"wall_us":0,"staging_bytes":0,"detail":"external-pin-capture-fixture-required"}
I (2661) blip_led_qual: BLIP_LED_QUAL {"schema_version":1,"target":"esp32c6","backend":"parlio","load":"idle","lanes":16,"pixels":256,"iterations":8,"supported":false,"encoder_us":0,"wall_us":0,"staging_bytes":0,"detail":"external-pin-capture-fixture-required"}
I (2661) blip_led_qual: BLIP_LED_QUAL {"schema_version":1,"target":"esp32c6","backend":"spi-multiline","load":"idle","lanes":16,"pixels":512,"iterations":8,"supported":false,"encoder_us":0,"wall_us":0,"staging_bytes":0,"detail":"external-pin-capture-fixture-required"}
I (2661) blip_led_qual: BLIP_LED_QUAL {"schema_version":1,"target":"esp32c6","backend":"parlio","load":"idle","lanes":16,"pixels":512,"iterations":8,"supported":false,"encoder_us":0,"wall_us":0,"staging_bytes":0,"detail":"external-pin-capture-fixture-required"}
I (2661) blip_led_qual: BLIP_LED_QUAL {"schema_version":1,"target":"esp32c6","backend":"spi-multiline","load":"idle","lanes":16,"pixels":1024,"iterations":8,"supported":false,"encoder_us":0,"wall_us":0,"staging_bytes":0,"detail":"external-pin-capture-fixture-required"}
I (2661) blip_led_qual: BLIP_LED_QUAL {"schema_version":1,"target":"esp32c6","backend":"parlio","load":"idle","lanes":16,"pixels":1024,"iterations":8,"supported":false,"encoder_us":0,"wall_us":0,"staging_bytes":0,"detail":"external-pin-capture-fixture-required"}
I (2661) blip_led_qual: BLIP_LED_QUAL_DONE target=esp32c6 heap=439644
